This is pdfTeX, Version 3.141592653-2.6-1.40.29 (MiKTeX 26.5) (preloaded format=pdflatex 2026.8.20)  25 AUG 2026 13:34
entering extended mode
 restricted \write18 enabled.
 %&-line parsing enabled.
**./main.tex
(main.tex
LaTeX2e <2026-06-01>
L3 programming layer <2026-07-20>
(/home/irawan/.miktex/texmfs/install/tex/latex/base/article.cls
Document Class: article 2025/01/22 v1.4n Standard LaTeX document class
(/home/irawan/.miktex/texmfs/install/tex/latex/base/size10.clo
File: size10.clo 2025/01/22 v1.4n Standard LaTeX file (size option)
)
\c@part=\count276
\c@section=\count277
\c@subsection=\count278
\c@subsubsection=\count279
\c@paragraph=\count280
\c@subparagraph=\count281
\c@figure=\count282
\c@table=\count283
\abovecaptionskip=\skip49
\belowcaptionskip=\skip50
\bibindent=\dimen150
)
(/home/irawan/.miktex/texmfs/install/tex/latex/graphics/graphicx.sty
Package: graphicx 2026-05-17 v1.2e Enhanced LaTeX Graphics (DPC,SPQR)

(/home/irawan/.miktex/texmfs/install/tex/latex/graphics/keyval.sty
Package: keyval 2026-05-17 v1.15 key=value parser (DPC)
\KV@toks@=\toks17
)
(/home/irawan/.miktex/texmfs/install/tex/latex/graphics/graphics.sty
Package: graphics 2026-05-17 v1.4h Standard LaTeX Graphics (DPC,SPQR)

(/home/irawan/.miktex/texmfs/install/tex/latex/graphics/trig.sty
Package: trig 2023/12/02 v1.11 sin cos tan (DPC)
)
(/home/irawan/.miktex/texmfs/install/tex/latex/graphics-cfg/graphics.cfg
File: graphics.cfg 2016/06/04 v1.11 sample graphics configuration
)
Package graphics Info: Driver file: pdftex.def on input line 106.

(/home/irawan/.miktex/texmfs/install/tex/latex/graphics-def/pdftex.def
File: pdftex.def 2025/09/29 v1.2d Graphics/color driver for pdftex
))
\Gin@req@height=\dimen151
\Gin@req@width=\dimen152
)
(/home/irawan/.miktex/texmfs/install/tex/latex/amsmath/amsmath.sty
Package: amsmath 2026/05/19 v2.18d AMS math features
\@mathmargin=\skip51

For additional information on amsmath, use the `?' option.
(/home/irawan/.miktex/texmfs/install/tex/latex/amsmath/amstext.sty
Package: amstext 2024/11/17 v2.01 AMS text

(/home/irawan/.miktex/texmfs/install/tex/latex/amsmath/amsgen.sty
File: amsgen.sty 1999/11/30 v2.0 generic functions
\@emptytoks=\toks18
\ex@=\dimen153
))
(/home/irawan/.miktex/texmfs/install/tex/latex/amsmath/amsbsy.sty
Package: amsbsy 1999/11/29 v1.2d Bold Symbols
\pmbraise@=\dimen154
)
(/home/irawan/.miktex/texmfs/install/tex/latex/amsmath/amsopn.sty
Package: amsopn 2022/04/08 v2.04 operator names
)
\inf@bad=\count284
LaTeX Info: Redefining \frac on input line 233.
\uproot@=\count285
\leftroot@=\count286
LaTeX Info: Redefining \overline on input line 398.
LaTeX Info: Redefining \colon on input line 409.
\classnum@=\count287
\DOTSCASE@=\count288
LaTeX Info: Redefining \ldots on input line 495.
LaTeX Info: Redefining \dots on input line 498.
LaTeX Info: Redefining \cdots on input line 619.
\Mathstrutbox@=\box53
\strutbox@=\box54
LaTeX Info: Redefining \big on input line 721.
LaTeX Info: Redefining \Big on input line 722.
LaTeX Info: Redefining \bigg on input line 723.
LaTeX Info: Redefining \Bigg on input line 724.
\big@size=\dimen155
LaTeX Font Info:    Redeclaring font encoding OML on input line 742.
LaTeX Font Info:    Redeclaring font encoding OMS on input line 743.
\macc@depth=\count289
LaTeX Info: Redefining \bmod on input line 904.
LaTeX Info: Redefining \pmod on input line 909.
LaTeX Info: Redefining \smash on input line 939.
LaTeX Info: Redefining \relbar on input line 969.
LaTeX Info: Redefining \Relbar on input line 970.
\c@MaxMatrixCols=\count290
\dotsspace@=\muskip17
\c@parentequation=\count291
\dspbrk@lvl=\count292
\tag@help=\toks19
\row@=\count293
\column@=\count294
\maxfields@=\count295
\andhelp@=\toks20
\eqnshift@=\dimen156
\alignsep@=\dimen157
\tagshift@=\dimen158
\tagwidth@=\dimen159
\totwidth@=\dimen160
\lineht@=\dimen161
\@envbody=\toks21
\multlinegap=\skip52
\multlinetaggap=\skip53
\mathdisplay@stack=\toks22
LaTeX Info: Redefining \[ on input line 2965.
LaTeX Info: Redefining \] on input line 2966.
)
(/home/irawan/.miktex/texmfs/install/tex/latex/l3backend/l3backend-pdftex.def
File: l3backend-pdftex.def 2026-07-20 L3 backend support: PDF output (pdfTeX)
\l__color_backend_stack_int=\count296
)
(main.aux)
\openout1 = `main.aux'.

LaTeX Font Info:    Checking defaults for OML/cmm/m/it on input line 9.
LaTeX Font Info:    ... okay on input line 9.
LaTeX Font Info:    Checking defaults for OMS/cmsy/m/n on input line 9.
LaTeX Font Info:    ... okay on input line 9.
LaTeX Font Info:    Checking defaults for OT1/cmr/m/n on input line 9.
LaTeX Font Info:    ... okay on input line 9.
LaTeX Font Info:    Checking defaults for T1/cmr/m/n on input line 9.
LaTeX Font Info:    ... okay on input line 9.
LaTeX Font Info:    Checking defaults for TS1/cmr/m/n on input line 9.
LaTeX Font Info:    ... okay on input line 9.
LaTeX Font Info:    Checking defaults for OMX/cmex/m/n on input line 9.
LaTeX Font Info:    ... okay on input line 9.
LaTeX Font Info:    Checking defaults for U/cmr/m/n on input line 9.
LaTeX Font Info:    ... okay on input line 9.

(/home/irawan/.miktex/texmfs/install/tex/context/base/mkii/supp-pdf.mkii
[Loading MPS to PDF converter (version 2006.09.02).]
\scratchcounter=\count297
\scratchdimen=\dimen162
\scratchbox=\box55
\nofMPsegments=\count298
\nofMParguments=\count299
\everyMPshowfont=\toks23
\MPscratchCnt=\count300
\MPscratchDim=\dimen163
\MPnumerator=\count301
\makeMPintoPDFobject=\count302
\everyMPtoPDFconversion=\toks24
) (/home/irawan/.miktex/texmfs/install/tex/latex/epstopdf-pkg/epstopdf-base.sty
Package: epstopdf-base 2020-01-24 v2.11 Base part for package epstopdf
(/home/irawan/.miktex/texmfs/install/tex/generic/infwarerr/infwarerr.sty
Package: infwarerr 2019/12/03 v1.5 Providing info/warning/error messages (HO)
)
(/home/irawan/.miktex/texmfs/install/tex/latex/grfext/grfext.sty
Package: grfext 2019/12/03 v1.3 Manage graphics extensions (HO)

(/home/irawan/.miktex/texmfs/install/tex/generic/kvdefinekeys/kvdefinekeys.sty
Package: kvdefinekeys 2019-12-19 v1.6 Define keys (HO)
)) (/home/irawan/.miktex/texmfs/install/tex/latex/kvoptions/kvoptions.sty
Package: kvoptions 2022-06-15 v3.15 Key value format for package options (HO)

(/home/irawan/.miktex/texmfs/install/tex/generic/ltxcmds/ltxcmds.sty
Package: ltxcmds 2023-12-04 v1.26 LaTeX kernel commands for general use (HO)
)
(/home/irawan/.miktex/texmfs/install/tex/latex/kvsetkeys/kvsetkeys.sty
Package: kvsetkeys 2022-10-05 v1.19 Key value parser (HO)
))
(/home/irawan/.miktex/texmfs/install/tex/generic/pdftexcmds/pdftexcmds.sty
Package: pdftexcmds 2020-06-27 v0.33 Utility functions of pdfTeX for LuaTeX (HO
)

(/home/irawan/.miktex/texmfs/install/tex/generic/iftex/iftex.sty
Package: iftex 2024/12/12 v1.0g TeX engine tests
)
Package pdftexcmds Info: \pdf@primitive is available.
Package pdftexcmds Info: \pdf@ifprimitive is available.
Package pdftexcmds Info: \pdfdraftmode found.
)
Package epstopdf-base Info: Redefining graphics rule for `.eps' on input line 4
85.
Package grfext Info: Graphics extension search list:
(grfext)             [.pdf,.png,.jpg,.mps,.jpeg,.jbig2,.jb2,.PDF,.PNG,.JPG,.JPE
G,.JBIG2,.JB2,.eps]
(grfext)             \AppendGraphicsExtensions on input line 504.

(/home/irawan/.miktex/texmfs/install/tex/latex/00miktex/epstopdf-sys.cfg
File: epstopdf-sys.cfg 2021/03/18 v2.0 Configuration of epstopdf for MiKTeX
))
Overfull \hbox (4.13327pt too wide) in paragraph at lines 31--32
[]\OT1/cmr/m/n/10 As $\OML/cmm/m/it/10 ^^Z \OMS/cmsy/m/n/10 ! \OT1/cmr/m/n/10 1
$, $\OML/cmm/m/it/10 W[]$ \OT1/cmr/m/n/10 approaches infinity. This mathematica
l phenomenon explains
 []


Overfull \hbox (16.95773pt too wide) in paragraph at lines 31--32
\OT1/cmr/m/n/10 the severe spikes observed in the empirical $\OML/cmm/m/it/10 p
\OT1/cmr/m/n/10 99$ tail latencies; minor fluctuations
 []


Overfull \hbox (1.75069pt too wide) in paragraph at lines 31--32
\OT1/cmr/m/n/10 in arrival intervals at high utilization cause disproportionate
 queuing delays
 []


Overfull \hbox (0.25061pt too wide) in paragraph at lines 31--32
\OT1/cmr/m/n/10 implemented proactive autonomic controller leverages this queue
ing theory
 []


Overfull \hbox (3.2785pt too wide) in paragraph at lines 31--32
\OT1/cmr/m/n/10 framework to anticipate degradation.Instead of monitoring absol
ute latency
 []


Overfull \hbox (19.52283pt too wide) in paragraph at lines 31--32
\OT1/cmr/m/n/10 critical utilization threshold ($\OML/cmm/m/it/10 ^^Z[] < \OT1/
cmr/m/n/10 1$).The trigger condition is mathematically
 []

[1

{/home/irawan/.miktex/texmfs/data/fonts/map/pdftex/pdftex.map}]
Overfull \hbox (9.33405pt too wide) in paragraph at lines 35--36
[]\OT1/cmr/m/n/10 Upon triggering, the autonomic mechanism intervenes proactive
ly|typically
 []


Overfull \hbox (10.9996pt too wide) in paragraph at lines 35--36
\OT1/cmr/m/n/10 exponential queuing delay before the physical system exhibits S
LA violations. 
 []


Overfull \hbox (4.7783pt too wide) in paragraph at lines 39--40
[]\OT1/cmr/m/n/10 Traditional microservice architectures utilizing the Per-Conn
ection-Request
 []


Overfull \hbox (5.88948pt too wide) in paragraph at lines 39--40
\OT1/cmr/m/n/10 the CPR-based autonomic controller proactively triggers as a di
rect function
 []


Overfull \hbox (1.47293pt too wide) in paragraph at lines 39--40
\OT1/cmr/m/n/10 of impending queue degradation, rather than waiting for connect
ion failure.
 []


Overfull \hbox (8.08736pt too wide) in paragraph at lines 39--40
\OT1/cmr/m/n/10 pooling allocation before the theoretical utilization limit ($\
OML/cmm/m/it/10 ^^Z \OMS/cmsy/m/n/10 ! \OT1/cmr/m/n/10 1$) is breached,
 []


Overfull \hbox (3.45692pt too wide) in paragraph at lines 43--44
[]\OT1/cmr/m/n/10 In traditional Per-Connection-Request (PCR) architectures, $\
OML/cmm/m/it/10 T[]$
 []


Overfull \hbox (1.13022pt too wide) in paragraph at lines 43--44
\OT1/cmr/m/n/10 connection pools force requests into extended waiting states. U
nder normal
 []


Overfull \hbox (8.44472pt too wide) in paragraph at lines 43--44
\OT1/cmr/m/n/10 and queueing delay ($\OML/cmm/m/it/10 W[]$\OT1/cmr/m/n/10 ).How
ever, our empirical analysis of the implemented
 []


Overfull \hbox (6.58961pt too wide) in paragraph at lines 43--44
\OT1/cmr/m/n/10 and the controller's triggered state ($\OML/cmm/m/it/10 r[] \OT
1/cmr/m/n/10 = 0\OML/cmm/m/it/10 :\OT1/cmr/m/n/10 8607$, $\OML/cmm/m/it/10 p < 
\OT1/cmr/m/n/10 0\OML/cmm/m/it/10 :\OT1/cmr/m/n/10 0001$). Furthermore,
 []


Overfull \hbox (9.7228pt too wide) in paragraph at lines 43--44
\OT1/cmr/m/n/10 logistic regression modeling established that the controller is
 acutely sensitive
 []


Overfull \hbox (11.76921pt too wide) in paragraph at lines 43--44
\OT1/cmr/m/n/10 the odds of an autonomic intervention increase by a factor of 1
.89. Ultimately,
 []


Overfull \hbox (19.24953pt too wide) in paragraph at lines 43--44
\OT1/cmr/m/n/10 these mathematical findings prove that the CPR model proactivel
y restructures
 []

[2] [3] (main.aux)
 ***********
LaTeX2e <2026-06-01>
L3 programming layer <2026-07-20>
 ***********
 ) 
Here is how much of TeX's memory you used:
 2579 strings out of 469438
 41336 string characters out of 5460503
 453690 words of memory out of 5000000
 31578 multiletter control sequences out of 15000+600000
 630327 words of font info for 49 fonts, out of 8000000 for 9000
 0 hyphenation exceptions out of 8191
 59i,6n,67p,1547b,206s stack positions out of 10000i,1000n,20000p,200000b,200000s
 </home/irawan/.miktex/texmfs/data/fonts/pk/ljfour/jknappen/ec/dpi600/tcrm100
0.pk></home/irawan/.miktex/texmfs/install/fonts/type1/public/amsfonts/cm/cmbx10
.pfb></home/irawan/.miktex/texmfs/install/fonts/type1/public/amsfonts/cm/cmbx12
.pfb></home/irawan/.miktex/texmfs/install/fonts/type1/public/amsfonts/cm/cmex10
.pfb></home/irawan/.miktex/texmfs/install/fonts/type1/public/amsfonts/cm/cmmi10
.pfb></home/irawan/.miktex/texmfs/install/fonts/type1/public/amsfonts/cm/cmmi5.
pfb></home/irawan/.miktex/texmfs/install/fonts/type1/public/amsfonts/cm/cmmi7.p
fb></home/irawan/.miktex/texmfs/install/fonts/type1/public/amsfonts/cm/cmr10.pf
b></home/irawan/.miktex/texmfs/install/fonts/type1/public/amsfonts/cm/cmr12.pfb
></home/irawan/.miktex/texmfs/install/fonts/type1/public/amsfonts/cm/cmr17.pfb>
</home/irawan/.miktex/texmfs/install/fonts/type1/public/amsfonts/cm/cmr7.pfb></
home/irawan/.miktex/texmfs/install/fonts/type1/public/amsfonts/cm/cmsy10.pfb></
home/irawan/.miktex/texmfs/install/fonts/type1/public/amsfonts/cm/cmsy7.pfb>
Output written on main.pdf (3 pages, 158573 bytes).
PDF statistics:
 77 PDF objects out of 1000 (max. 8388607)
 0 named destinations out of 1000 (max. 500000)
 1 words of extra memory for PDF output out of 10000 (max. 10000000)

