This is pdfTeX, Version 3.141592653-2.6-1.40.29 (MiKTeX 26.5) (preloaded format=pdflatex 2026.8.20)  30 SEP 2026 17:02
entering extended mode
 restricted \write18 enabled.
 %&-line parsing enabled.
**./access.tex
(access.tex
LaTeX2e <2026-06-01>
L3 programming layer <2026-07-20>
(ieeeaccess.cls (IEEEtran.cls
Document Class: IEEEtran 2015/08/26 V1.8b by Michael Shell
-- See the "IEEEtran_HOWTO" manual for usage information.
-- http://www.michaelshell.org/tex/ieeetran/
\@IEEEtrantmpdimenA=\dimen150
\@IEEEtrantmpdimenB=\dimen151
\@IEEEtrantmpdimenC=\dimen152
\@IEEEtrantmpcountA=\count276
\@IEEEtrantmpcountB=\count277
\@IEEEtrantmpcountC=\count278
\@IEEEtrantmptoksA=\toks17
LaTeX Font Info:    Trying to load font information for OT1+ptm on input line 5
03.
(/home/irawan/.miktex/texmfs/install/tex/latex/psnfss/ot1ptm.fd
File: ot1ptm.fd 2001/06/04 font definitions for OT1/ptm.
)
-- Using 8.5in x 11in (letter) paper.
-- Using PDF output.
\@IEEEnormalsizeunitybaselineskip=\dimen153
-- This is a 10 point document.
LaTeX Encoding Info:    Redeclaring text command \textunderscore (encoding ?) o
n input line 937.
\CLASSINFOnormalsizebaselineskip=\dimen154
\CLASSINFOnormalsizeunitybaselineskip=\dimen155
\IEEEnormaljot=\dimen156
LaTeX Font Info:    Font shape `OT1/ptm/bx/n' in size <5> not available
(Font)              Font shape `OT1/ptm/b/n' tried instead on input line 1090.
LaTeX Font Info:    Font shape `OT1/ptm/bx/it' in size <5> not available
(Font)              Font shape `OT1/ptm/b/it' tried instead on input line 1090.

LaTeX Font Info:    Font shape `OT1/ptm/bx/n' in size <7> not available
(Font)              Font shape `OT1/ptm/b/n' tried instead on input line 1090.
LaTeX Font Info:    Font shape `OT1/ptm/bx/it' in size <7> not available
(Font)              Font shape `OT1/ptm/b/it' tried instead on input line 1090.

LaTeX Font Info:    Font shape `OT1/ptm/bx/n' in size <8> not available
(Font)              Font shape `OT1/ptm/b/n' tried instead on input line 1090.
LaTeX Font Info:    Font shape `OT1/ptm/bx/it' in size <8> not available
(Font)              Font shape `OT1/ptm/b/it' tried instead on input line 1090.

LaTeX Font Info:    Font shape `OT1/ptm/bx/n' in size <9> not available
(Font)              Font shape `OT1/ptm/b/n' tried instead on input line 1090.
LaTeX Font Info:    Font shape `OT1/ptm/bx/it' in size <9> not available
(Font)              Font shape `OT1/ptm/b/it' tried instead on input line 1090.

LaTeX Font Info:    Font shape `OT1/ptm/bx/n' in size <10> not available
(Font)              Font shape `OT1/ptm/b/n' tried instead on input line 1090.
LaTeX Font Info:    Font shape `OT1/ptm/bx/it' in size <10> not available
(Font)              Font shape `OT1/ptm/b/it' tried instead on input line 1090.

LaTeX Font Info:    Font shape `OT1/ptm/bx/n' in size <11> not available
(Font)              Font shape `OT1/ptm/b/n' tried instead on input line 1090.
LaTeX Font Info:    Font shape `OT1/ptm/bx/it' in size <11> not available
(Font)              Font shape `OT1/ptm/b/it' tried instead on input line 1090.

LaTeX Font Info:    Font shape `OT1/ptm/bx/n' in size <12> not available
(Font)              Font shape `OT1/ptm/b/n' tried instead on input line 1090.
LaTeX Font Info:    Font shape `OT1/ptm/bx/it' in size <12> not available
(Font)              Font shape `OT1/ptm/b/it' tried instead on input line 1090.

LaTeX Font Info:    Font shape `OT1/ptm/bx/n' in size <17> not available
(Font)              Font shape `OT1/ptm/b/n' tried instead on input line 1090.
LaTeX Font Info:    Font shape `OT1/ptm/bx/it' in size <17> not available
(Font)              Font shape `OT1/ptm/b/it' tried instead on input line 1090.

LaTeX Font Info:    Font shape `OT1/ptm/bx/n' in size <20> not available
(Font)              Font shape `OT1/ptm/b/n' tried instead on input line 1090.
LaTeX Font Info:    Font shape `OT1/ptm/bx/it' in size <20> not available
(Font)              Font shape `OT1/ptm/b/it' tried instead on input line 1090.

LaTeX Font Info:    Font shape `OT1/ptm/bx/n' in size <24> not available
(Font)              Font shape `OT1/ptm/b/n' tried instead on input line 1090.
LaTeX Font Info:    Font shape `OT1/ptm/bx/it' in size <24> not available
(Font)              Font shape `OT1/ptm/b/it' tried instead on input line 1090.

\IEEEquantizedlength=\dimen157
\IEEEquantizedlengthdiff=\dimen158
\IEEEquantizedtextheightdiff=\dimen159
\IEEEilabelindentA=\dimen160
\IEEEilabelindentB=\dimen161
\IEEEilabelindent=\dimen162
\IEEEelabelindent=\dimen163
\IEEEdlabelindent=\dimen164
\IEEElabelindent=\dimen165
\IEEEiednormlabelsep=\dimen166
\IEEEiedmathlabelsep=\dimen167
\IEEEiedtopsep=\skip49
\c@section=\count279
\c@subsection=\count280
\c@subsubsection=\count281
\c@paragraph=\count282
\c@IEEEsubequation=\count283
\abovecaptionskip=\skip50
\belowcaptionskip=\skip51
\c@figure=\count284
\c@table=\count285
\@IEEEeqnnumcols=\count286
\@IEEEeqncolcnt=\count287
\@IEEEsubeqnnumrollback=\count288
\@IEEEquantizeheightA=\dimen168
\@IEEEquantizeheightB=\dimen169
\@IEEEquantizeheightC=\dimen170
\@IEEEquantizeprevdepth=\dimen171
\@IEEEquantizemultiple=\count289
\@IEEEquantizeboxA=\box53
\@IEEEtmpitemindent=\dimen172
\IEEEPARstartletwidth=\dimen173
\c@IEEEbiography=\count290
\@IEEEtranrubishbin=\box54
) (/home/irawan/.miktex/texmfs/install/tex/generic/iftex/ifpdf.sty
Package: ifpdf 2019/10/25 v3.4 ifpdf legacy package. Use iftex instead.

(/home/irawan/.miktex/texmfs/install/tex/generic/iftex/iftex.sty
Package: iftex 2024/12/12 v1.0g TeX engine tests
))
(/home/irawan/.miktex/texmfs/install/tex/latex/xkeyval/xkeyval.sty
Package: xkeyval 2022/06/16 v2.9 package option processing (HA)

(/home/irawan/.miktex/texmfs/install/tex/generic/xkeyval/xkeyval.tex
(/home/irawan/.miktex/texmfs/install/tex/generic/xkeyval/xkvutils.tex
\XKV@toks=\toks18
\XKV@tempa@toks=\toks19

(/home/irawan/.miktex/texmfs/install/tex/generic/xkeyval/keyval.tex))
\XKV@depth=\count291
File: xkeyval.tex 2014/12/03 v2.7a key=value parser (HA)
)){/home/irawan/.miktex/texmfs/data/fonts/map/pdftex/pdftex.map}{./t1-times.map
}{./t1-formata.map}{./t1-giovannistd.map}
\@draftversionrule=\dimen174

(/home/irawan/.miktex/texmfs/install/tex/latex/graphics/color.sty
Package: color 2026-05-17 v1.3f Standard LaTeX Color (DPC)

(/home/irawan/.miktex/texmfs/install/tex/latex/graphics-cfg/color.cfg
File: color.cfg 2016/01/02 v1.6 sample color configuration
)
Package color Info: Driver file: pdftex.def on input line 149.

(/home/irawan/.miktex/texmfs/install/tex/latex/graphics-def/pdftex.def
File: pdftex.def 2025/09/29 v1.2d Graphics/color driver for pdftex
)
(/home/irawan/.miktex/texmfs/install/tex/latex/graphics/mathcolor.ltx))
(spotcolor.sty
Package: spotcolor 2006/11/15 v1.2 Package for adding Spot Color support to pdf
LaTeX.

(/home/irawan/.miktex/texmfs/install/tex/latex/graphics/graphics.sty
Package: graphics 2026-05-17 v1.4h Standard LaTeX Graphics (DPC,SPQR)

(/home/irawan/.miktex/texmfs/install/tex/latex/graphics/trig.sty
Package: trig 2023/12/02 v1.11 sin cos tan (DPC)
)
(/home/irawan/.miktex/texmfs/install/tex/latex/graphics-cfg/graphics.cfg
File: graphics.cfg 2016/06/04 v1.11 sample graphics configuration
)
Package graphics Info: Driver file: pdftex.def on input line 106.
)
\thecolorprofile=\count292
\thecolor=\count293
)
\PANTONE=\toks20
Package color Info: Redefining color black on input line 287.
\figbox=\box55
\subfigbox=\box56
\titlewidth=\skip52
\abstractwidth=\skip53
\c@addrCtr=\count294
\abstractbox=\box57
\indexbox=\box58
\absht=\dimen175
\kwdht=\dimen176
\@tempcntc=\count295
\titlepgskip=\skip54
\maketitlebox=\box59
)
(/home/irawan/.miktex/texmfs/install/tex/latex/cite/cite.sty
LaTeX Info: Redefining \cite on input line 302.
LaTeX Info: Redefining \nocite on input line 332.
Package: cite 2015/02/27  v 5.5
)
(/home/irawan/.miktex/texmfs/install/tex/latex/amsmath/amsmath.sty
Package: amsmath 2026/05/19 v2.18d AMS math features
\@mathmargin=\skip55

For additional information on amsmath, use the `?' option.
(/home/irawan/.miktex/texmfs/install/tex/latex/amsmath/amstext.sty
Package: amstext 2024/11/17 v2.01 AMS text

(/home/irawan/.miktex/texmfs/install/tex/latex/amsmath/amsgen.sty
File: amsgen.sty 1999/11/30 v2.0 generic functions
\@emptytoks=\toks21
\ex@=\dimen177
))
(/home/irawan/.miktex/texmfs/install/tex/latex/amsmath/amsbsy.sty
Package: amsbsy 1999/11/29 v1.2d Bold Symbols
\pmbraise@=\dimen178
)
(/home/irawan/.miktex/texmfs/install/tex/latex/amsmath/amsopn.sty
Package: amsopn 2022/04/08 v2.04 operator names
)
\inf@bad=\count296
LaTeX Info: Redefining \frac on input line 233.
\uproot@=\count297
\leftroot@=\count298
LaTeX Info: Redefining \overline on input line 398.
LaTeX Info: Redefining \colon on input line 409.
\classnum@=\count299
\DOTSCASE@=\count300
LaTeX Info: Redefining \ldots on input line 495.
LaTeX Info: Redefining \dots on input line 498.
LaTeX Info: Redefining \cdots on input line 619.
\Mathstrutbox@=\box60
\strutbox@=\box61
LaTeX Info: Redefining \big on input line 721.
LaTeX Info: Redefining \Big on input line 722.
LaTeX Info: Redefining \bigg on input line 723.
LaTeX Info: Redefining \Bigg on input line 724.
\big@size=\dimen179
LaTeX Font Info:    Redeclaring font encoding OML on input line 742.
LaTeX Font Info:    Redeclaring font encoding OMS on input line 743.
\macc@depth=\count301
LaTeX Info: Redefining \bmod on input line 904.
LaTeX Info: Redefining \pmod on input line 909.
LaTeX Info: Redefining \smash on input line 939.
LaTeX Info: Redefining \relbar on input line 969.
LaTeX Info: Redefining \Relbar on input line 970.
\c@MaxMatrixCols=\count302
\dotsspace@=\muskip17
\c@parentequation=\count303
\dspbrk@lvl=\count304
\tag@help=\toks22
\row@=\count305
\column@=\count306
\maxfields@=\count307
\andhelp@=\toks23
\eqnshift@=\dimen180
\alignsep@=\dimen181
\tagshift@=\dimen182
\tagwidth@=\dimen183
\totwidth@=\dimen184
\lineht@=\dimen185
\@envbody=\toks24
\multlinegap=\skip56
\multlinetaggap=\skip57
\mathdisplay@stack=\toks25
LaTeX Info: Redefining \[ on input line 2965.
LaTeX Info: Redefining \] on input line 2966.
)
(/home/irawan/.miktex/texmfs/install/tex/latex/amsfonts/amssymb.sty
Package: amssymb 2013/01/14 v3.01 AMS font symbols

(/home/irawan/.miktex/texmfs/install/tex/latex/amsfonts/amsfonts.sty
Package: amsfonts 2013/01/14 v3.01 Basic AMSFonts support
\symAMSa=\mathgroup4
\symAMSb=\mathgroup5
LaTeX Font Info:    Redeclaring math symbol \hbar on input line 98.
LaTeX Font Info:    Overwriting math alphabet `\mathfrak' in version `bold'
(Font)                  U/euf/m/n --> U/euf/b/n on input line 106.
))
(/home/irawan/.miktex/texmfs/install/tex/latex/algorithms/algorithmic.sty
Package: algorithmic 2009/08/24 v0.1 Document Style `algorithmic'

(/home/irawan/.miktex/texmfs/install/tex/latex/base/ifthen.sty
Package: ifthen 2024/03/16 v1.1e Standard LaTeX ifthen package (DPC)
)
\c@ALC@unique=\count308
\c@ALC@line=\count309
\c@ALC@rem=\count310
\c@ALC@depth=\count311
\ALC@tlm=\skip58
\algorithmicindent=\skip59
)
(/home/irawan/.miktex/texmfs/install/tex/latex/algorithms/algorithm.sty
Package: algorithm 2009/08/24 v0.1 Document Style `algorithm' - floating enviro
nment

(/home/irawan/.miktex/texmfs/install/tex/latex/float/float.sty
Package: float 2001/11/08 v1.3d Float enhancements (AL)
\c@float@type=\count312
\float@exts=\toks26
\float@box=\box62
\@float@everytoks=\toks27
\@floatcapt=\box63
)
\@float@every@algorithm=\toks28
\c@algorithm=\count313
)
(/home/irawan/.miktex/texmfs/install/tex/latex/graphics/graphicx.sty
Package: graphicx 2026-05-17 v1.2e Enhanced LaTeX Graphics (DPC,SPQR)
\Gin@req@height=\dimen186
\Gin@req@width=\dimen187
)
(/home/irawan/.miktex/texmfs/install/tex/latex/base/textcomp.sty
Package: textcomp 2024/04/24 v2.1b Standard LaTeX package
)
(/home/irawan/.miktex/texmfs/install/tex/latex/tools/enumerate.sty
Package: enumerate 2023/07/04 v3.00 enumerate extensions (DPC)
\@enLab=\toks29
)
(/home/irawan/.miktex/texmfs/install/tex/latex/siunitx/siunitx.sty
Package: siunitx 2026-05-15 v3.5.5 A comprehensive (SI) units package
\l__siunitx_number_uncert_offset_int=\count314
\l__siunitx_number_exponent_fixed_int=\count315
\l__siunitx_number_min_decimal_int=\count316
\l__siunitx_number_min_integer_int=\count317
\l__siunitx_number_round_precision_int=\count318
\l__siunitx_number_lower_threshold_int=\count319
\l__siunitx_number_upper_threshold_int=\count320
\l__siunitx_number_group_first_int=\count321
\l__siunitx_number_group_size_int=\count322
\l__siunitx_number_group_min_int=\count323
\l__siunitx_number_group_minimum_int=\count324
\l__siunitx_compound_count_int=\count325

(/home/irawan/.miktex/texmfs/install/tex/latex/translations/translations.sty
Package: translations 2022/02/05 v1.12 internationalization of LaTeX2e packages
 (CN)

(/home/irawan/.miktex/texmfs/install/tex/latex/etoolbox/etoolbox.sty
Package: etoolbox 2025/10/02 v2.5m e-TeX tools for LaTeX (JAW)
\etb@tempcnta=\count326
)
(/home/irawan/.miktex/texmfs/install/tex/generic/pdftexcmds/pdftexcmds.sty
Package: pdftexcmds 2020-06-27 v0.33 Utility functions of pdfTeX for LuaTeX (HO
)

(/home/irawan/.miktex/texmfs/install/tex/generic/infwarerr/infwarerr.sty
Package: infwarerr 2019/12/03 v1.5 Providing info/warning/error messages (HO)
)
(/home/irawan/.miktex/texmfs/install/tex/generic/ltxcmds/ltxcmds.sty
Package: ltxcmds 2023-12-04 v1.26 LaTeX kernel commands for general use (HO)
)
Package pdftexcmds Info: \pdf@primitive is available.
Package pdftexcmds Info: \pdf@ifprimitive is available.
Package pdftexcmds Info: \pdfdraftmode found.
))
\l__siunitx_table_tmp_box=\box64
\l__siunitx_table_tmp_dim=\dimen188
\l__siunitx_table_column_width_dim=\dimen189
\l__siunitx_table_integer_box=\box65
\l__siunitx_table_decimal_box=\box66
\l__siunitx_table_uncert_box=\box67
\l__siunitx_table_before_box=\box68
\l__siunitx_table_after_box=\box69
\l__siunitx_table_before_dim=\dimen190
\l__siunitx_table_carry_dim=\dimen191
\l__siunitx_unit_tmp_int=\count327
\l__siunitx_unit_position_int=\count328
\l__siunitx_unit_total_int=\count329
\l__siunitx_sexagesimal_tmp_dim=\dimen192
\l__siunitx_sexagesimal_marker_box=\box70
\l__siunitx_sexagesimal_unit_box=\box71

(/home/irawan/.miktex/texmfs/install/tex/latex/tools/array.sty
Package: array 2026/02/24 v2.7b Tabular extension package (FMi)
\col@sep=\dimen193
\ar@mcellbox=\box72
\extrarowheight=\dimen194
\NC@list=\toks30
\extratabsurround=\skip60
\backup@length=\skip61
\ar@cellbox=\box73
))
(/home/irawan/.miktex/texmfs/install/tex/latex/comment/comment.sty
\CommentStream=\write3

Excluding comment 'comment')
(/home/irawan/.miktex/texmfs/install/tex/latex/capt-of/capt-of.sty
Package: capt-of 2009/12/29 v0.2 standard captions outside of floats
)
(/home/irawan/.miktex/texmfs/install/tex/latex/tools/bm.sty
Package: bm 2025/10/21 v1.2g Bold Symbol Support (DPC/FMi)
\symboldoperators=\mathgroup6
\symboldletters=\mathgroup7
\symboldsymbols=\mathgroup8
Package bm Info: No bold for \OMX/cmex/m/n, using \pmb.
Package bm Info: No bold for \U/msa/m/n, using \pmb.
Package bm Info: No bold for \U/msb/m/n, using \pmb.
LaTeX Font Info:    Redeclaring math alphabet \mathbf on input line 149.
)
Package translations Info: No language package found. I am going to use `englis
h' as default language. on input line 36.

(/home/irawan/.miktex/texmfs/install/tex/latex/l3backend/l3backend-pdftex.def
File: l3backend-pdftex.def 2026-07-20 L3 backend support: PDF output (pdfTeX)
\l__color_backend_stack_int=\count330
)
(access.aux)
\openout1 = `access.aux'.

LaTeX Font Info:    Checking defaults for OML/cmm/m/it on input line 36.
LaTeX Font Info:    ... okay on input line 36.
LaTeX Font Info:    Checking defaults for OMS/cmsy/m/n on input line 36.
LaTeX Font Info:    ... okay on input line 36.
LaTeX Font Info:    Checking defaults for OT1/cmr/m/n on input line 36.
LaTeX Font Info:    ... okay on input line 36.
LaTeX Font Info:    Checking defaults for T1/cmr/m/n on input line 36.
LaTeX Font Info:    ... okay on input line 36.
LaTeX Font Info:    Checking defaults for TS1/cmr/m/n on input line 36.
LaTeX Font Info:    ... okay on input line 36.
LaTeX Font Info:    Checking defaults for OMX/cmex/m/n on input line 36.
LaTeX Font Info:    ... okay on input line 36.
LaTeX Font Info:    Checking defaults for U/cmr/m/n on input line 36.
LaTeX Font Info:    ... okay on input line 36.

-- Lines per column: 56 (exact).
\symNewLetters=\mathgroup9
\symxsymbols=\mathgroup10
LaTeX Font Info:    Redeclaring math symbol \ddagger on input line 36.
LaTeX Font Info:    Redeclaring math symbol \dagger on input line 36.
\c@mv@regular=\count331
LaTeX Font Info:    Encoding `OT1' has changed to `T1' for symbol font
(Font)              `operators' in the math version `regular' on input line 36.

LaTeX Font Info:    Overwriting symbol font `operators' in version `regular'
(Font)                  OT1/cmr/m/n --> T1/formata/n/n on input line 36.
LaTeX Font Info:    Overwriting symbol font `NewLetters' in version `regular'
(Font)                  T1/times/n/it --> T1/formata/n/it on input line 36.
LaTeX Font Info:    Overwriting math alphabet `\mathrm' in version `regular'
(Font)                  T1/formata/n/n --> T1/formata/n/n on input line 36.
LaTeX Font Info:    Overwriting math alphabet `\mathit' in version `regular'
(Font)                  OT1/cmr/m/it --> T1/formata/n/it on input line 36.
LaTeX Font Info:    Overwriting math alphabet `\mathbf' in version `regular'
(Font)                  OT1/cmr/bx/n --> T1/formata/m/n on input line 36.
LaTeX Font Info:    Overwriting math alphabet `\mathtt' in version `regular'
(Font)                  OT1/cmtt/m/n --> OT1/pcr/m/n on input line 36.
\c@mv@medium=\count332
LaTeX Font Info:    Encoding `OT1' has changed to `T1' for symbol font
(Font)              `operators' in the math version `medium' on input line 36.
LaTeX Font Info:    Overwriting symbol font `operators' in version `medium'
(Font)                  OT1/cmr/m/n --> T1/formata/m/n on input line 36.
LaTeX Font Info:    Overwriting symbol font `NewLetters' in version `medium'
(Font)                  T1/times/n/it --> T1/formata/m/it on input line 36.
LaTeX Font Info:    Overwriting math alphabet `\mathrm' in version `medium'
(Font)                  > T1/formata/m/n on input line 36.
LaTeX Font Info:    Overwriting math alphabet `\mathit' in version `medium'
(Font)                  OT1/cmr/m/it --> T1/formata/m/it on input line 36.
LaTeX Font Info:    Overwriting math alphabet `\mathbf' in version `medium'
(Font)                  > T1/formata/b/n on input line 36.
LaTeX Font Info:    Overwriting math alphabet `\mathtt' in version `medium'
(Font)                  OT1/cmtt/m/n --> OT1/pcr/b/n on input line 36.
\c@mv@black=\count333
LaTeX Font Info:    Encoding `OT1' has changed to `T1' for symbol font
(Font)              `operators' in the math version `black' on input line 36.
LaTeX Font Info:    Overwriting symbol font `operators' in version `black'
(Font)                  OT1/cmr/m/n --> T1/formata/b/n on input line 36.
LaTeX Font Info:    Overwriting symbol font `NewLetters' in version `black'
(Font)                  T1/times/n/it --> T1/formata/b/it on input line 36.
LaTeX Font Info:    Overwriting math alphabet `\mathrm' in version `black'
(Font)                  > T1/formata/b/n on input line 36.
LaTeX Font Info:    Overwriting math alphabet `\mathit' in version `black'
(Font)                  OT1/cmr/m/it --> T1/formata/b/it on input line 36.
LaTeX Font Info:    Overwriting math alphabet `\mathbf' in version `black'
(Font)                  > T1/formata/b/n on input line 36.
LaTeX Font Info:    Overwriting math alphabet `\mathtt' in version `black'
(Font)                  OT1/cmtt/m/n --> OT1/pcr/b/n on input line 36.
LaTeX Font Info:    Trying to load font information for T1+ptm on input line 36
.
(/home/irawan/.miktex/texmfs/install/tex/latex/psnfss/t1ptm.fd
File: t1ptm.fd 2001/06/04 font definitions for T1/ptm.
)
LaTeX Font Info:    Trying to load font information for T1+times on input line 
36.
 (t1times.fd)
(/home/irawan/.miktex/texmfs/install/tex/context/base/mkii/supp-pdf.mkii
[Loading MPS to PDF converter (version 2006.09.02).]
\scratchcounter=\count334
\scratchdimen=\dimen195
\scratchbox=\box74
\nofMPsegments=\count335
\nofMParguments=\count336
\everyMPshowfont=\toks31
\MPscratchCnt=\count337
\MPscratchDim=\dimen196
\MPnumerator=\count338
\makeMPintoPDFobject=\count339
\everyMPtoPDFconversion=\toks32
) (/home/irawan/.miktex/texmfs/install/tex/latex/epstopdf-pkg/epstopdf-base.sty
Package: epstopdf-base 2020-01-24 v2.11 Base part for package epstopdf
Package epstopdf-base Info: Redefining graphics rule for `.eps' on input line 4
85.
(/home/irawan/.miktex/texmfs/install/tex/latex/00miktex/epstopdf-sys.cfg
File: epstopdf-sys.cfg 2021/03/18 v2.0 Configuration of epstopdf for MiKTeX
))
(/home/irawan/.miktex/texmfs/install/tex/latex/translations/dicts/translations-
basic-dictionary-english.trsl
File: translations-basic-dictionary-english.trsl (english translation file `tra
nslations-basic-dictionary')
)
Package translations Info: loading dictionary `translations-basic-dictionary' f
or `english'. on input line 36.
LaTeX Font Info:    Redeclaring math version `bold' on input line 36.
LaTeX Font Info:    Encoding `OT1' has changed to `T1' for symbol font
(Font)              `operators' in the math version `bold' on input line 36.
LaTeX Font Info:    Overwriting symbol font `operators' in version `bold'
(Font)                  OT1/cmr/m/n --> T1/times/b/n on input line 36.
LaTeX Font Info:    Overwriting symbol font `NewLetters' in version `bold'
(Font)                  T1/times/n/it --> T1/times/b/it on input line 36.
LaTeX Font Info:    Overwriting math alphabet `\mathrm' in version `bold'
(Font)                  > T1/times/b/n on input line 36.
LaTeX Font Info:    Overwriting math alphabet `\mathit' in version `bold'
(Font)                  OT1/cmr/m/it --> T1/times/b/it on input line 36.
LaTeX Font Info:    Overwriting math alphabet `\mathbf' in version `bold'
(Font)                  > T1/times/b/n on input line 36.
LaTeX Font Info:    Overwriting math alphabet `\mathtt' in version `bold'
(Font)                  OT1/cmtt/m/n --> OT1/pcr/b/n on input line 36.
LaTeX Font Info:    Overwriting symbol font `symbols' in version `bold'
(Font)                  OMS/cmsy/m/n --> OMS/cmsy/b/n on input line 36.
<bullet.png, id=3, 12.045pt x 35.38219pt>
File: bullet.png Graphic file (type png)
<use bullet.png>
Package pdftex.def Info: bullet.png  used on input line 57.
(pdftex.def)             Requested size: 5.0pt x 14.6871pt.
LaTeX Font Info:    Trying to load font information for U+msa on input line 59.


(/home/irawan/.miktex/texmfs/install/tex/latex/amsfonts/umsa.fd
File: umsa.fd 2013/01/14 v3.01 AMS symbols A
)
LaTeX Font Info:    Trying to load font information for U+msb on input line 59.


(/home/irawan/.miktex/texmfs/install/tex/latex/amsfonts/umsb.fd
File: umsb.fd 2013/01/14 v3.01 AMS symbols B
)
File: bullet.png Graphic file (type png)
<use bullet.png>
Package pdftex.def Info: bullet.png  used on input line 62.
(pdftex.def)             Requested size: 5.0pt x 14.6871pt.
LaTeX Font Info:    Calculating math sizes for size <9.9> on input line 68.
LaTeX Font Info:    Calculating math sizes for size <6.6> on input line 68.

Overfull \hbox (9.2679pt too wide) in paragraph at lines 68--68
[]  
 []


Overfull \hbox (9.2679pt too wide) in paragraph at lines 68--68
[]  
 []

Excluding 'comment' comment.
Underfull \hbox (badness 10000) in paragraph at lines 119--120
[]\T1/times/n/n/10 HE transition to cloud-native microservices has
 []


Underfull \hbox (badness 2119) in paragraph at lines 119--120
\T1/times/n/n/10 architecture, the API gateway functions as the singular
 []


Underfull \hbox (badness 4940) in paragraph at lines 119--120
\T1/times/n/n/10 entry point for external traffic, acting primarily as a
 []


Underfull \hbox (badness 3386) in paragraph at lines 119--120
\T1/times/n/n/10 over HTTP/2 for high-performance communication [2].
 []


Underfull \hbox (badness 3260) in paragraph at lines 119--120
\T1/times/n/n/10 Unlike the stateless nature of traditional REST, gRPC
 []


Underfull \hbox (badness 5954) in paragraph at lines 119--120
\T1/times/n/n/10 infrastructural overheads remain hidden within service
 []


Underfull \vbox (badness 10000) has occurred while \output is active []


Underfull \hbox (badness 8075) in paragraph at lines 121--122
[]\T1/times/n/n/10 The specific issue addressed in this paper is the
 []


Underfull \hbox (badness 1661) in paragraph at lines 121--122
\T1/times/n/n/10 performance degradation caused by the "connection-per-
 []


Underfull \hbox (badness 2818) in paragraph at lines 121--122
\T1/times/n/n/10 reduce throughput in distributed systems [4]. However,
 []


Underfull \hbox (badness 2020) in paragraph at lines 121--122
\T1/times/n/n/10 applying legacy REST-based connection management to
 []


Underfull \hbox (badness 1635) in paragraph at lines 121--122
\T1/times/n/n/10 highlights how CPU branch mispredictions and framing
 []


Underfull \hbox (badness 4634) in paragraph at lines 121--122
\T1/times/n/n/10 is frequently overlooked. We define gRPC connection
 []


Underfull \hbox (badness 1661) in paragraph at lines 121--122
\T1/times/n/n/10 connection per request is an $\T1/times/n/it/10 O\OT1/cmr/m/n/
10 (\T1/times/n/it/10 N\OT1/cmr/m/n/10 )$ \T1/times/n/n/10 operation, where $\T
1/times/n/it/10 N$
 []


Underfull \hbox (badness 3364) in paragraph at lines 121--122
\T1/times/n/n/10 directly conflicts with the $\T1/times/n/it/10 O\OT1/cmr/m/n/1
0 (1)$ \T1/times/n/n/10 multiplexed design of
 []


Underfull \vbox (badness 10000) has occurred while \output is active []

<logo.png, id=4, 206.27063pt x 53.44969pt>
File: logo.png Graphic file (type png)
<use logo.png>
Package pdftex.def Info: logo.png  used on input line 122.
(pdftex.def)             Requested size: 91.32pt x 23.66309pt.

Overfull \hbox (505.12177pt too wide) has occurred while \output is active
[]
 []


Overfull \hbox (505.12177pt too wide) has occurred while \output is active
[]
 []


Overfull \hbox (505.12177pt too wide) has occurred while \output is active
[]
 []


Underfull \hbox (badness 10000) has occurred while \output is active
[]
 []

[1


 <./logo.png> <./bullet.png>]
Underfull \hbox (badness 10000) in paragraph at lines 123--124
\T1/times/n/n/10 performance extensively, the specific intersection of
 []


Underfull \hbox (badness 10000) in paragraph at lines 123--124
\T1/times/n/n/10 evaluate microservice resilience using stochastic Petri
 []


Underfull \hbox (badness 5519) in paragraph at lines 123--124
\T1/times/n/n/10 dynamic latency under load requires integrating these
 []


Underfull \hbox (badness 6910) in paragraph at lines 123--124
\T1/times/n/n/10 approaches with queueing theory [9]. We argue that
 []


Underfull \hbox (badness 2269) in paragraph at lines 123--124
\T1/times/n/n/10 nection churn, dynamically inflate the service time ($\T1/time
s/n/it/10 S$\T1/times/n/n/10 )
 []


Underfull \hbox (badness 1953) in paragraph at lines 123--124
\T1/times/n/n/10 of the system, degrading the effective service rate ($\OML/cmm
/m/it/10 ^^V$\T1/times/n/n/10 ).
 []


Underfull \hbox (badness 3138) in paragraph at lines 123--124
\T1/times/n/n/10 execution into a highly variable, load-dependent event.
 []


Underfull \hbox (badness 2165) in paragraph at lines 123--124
\T1/times/n/n/10 Unmanaged connection churn destabilizes base duration
 []


Underfull \hbox (badness 3557) in paragraph at lines 125--126
\T1/times/n/n/10 channel at startup. To validate this approach, the key
 []


Underfull \hbox (badness 2941) in paragraph at lines 128--129
[]\T1/times/n/n/10 We formalize and model the request patterns and
 []


Underfull \hbox (badness 3049) in paragraph at lines 130--131
\T1/times/n/n/10 and queue saturation, thereby yielding a proposed
 []


Underfull \hbox (badness 4805) in paragraph at lines 132--133
[]\T1/times/n/n/10 We benchmark these models within a production
 []


Underfull \hbox (badness 10000) in paragraph at lines 132--133
\T1/times/n/n/10 Kubernetes cluster using controlled and isolated
 []

<fig/seq-diagram-1-sync.png, id=18, 986.68625pt x 1048.91875pt>
File: fig/seq-diagram-1-sync.png Graphic file (type png)
<use fig/seq-diagram-1-sync.png>
Package pdftex.def Info: fig/seq-diagram-1-sync.png  used on input line 139.
(pdftex.def)             Requested size: 242.45628pt x 257.74759pt.
<fig/seq-diagram-2-async.png, id=20, 986.68625pt x 1096.095pt>
File: fig/seq-diagram-2-async.png Graphic file (type png)
<use fig/seq-diagram-2-async.png>
Package pdftex.def Info: fig/seq-diagram-2-async.png  used on input line 147.
(pdftex.def)             Requested size: 237.40784pt x 263.72044pt.

Underfull \hbox (badness 10000) in paragraph at lines 164--165
\T1/times/n/n/10 Microservice architectures increasingly rely on high-
 []


Underfull \hbox (badness 1629) in paragraph at lines 164--165
\T1/times/n/n/10 performance Remote Procedure Call (RPC) frameworks,
 []


Underfull \hbox (badness 10000) in paragraph at lines 164--165
\T1/times/n/n/10 such as gRPC, to facilitate low-latency inter-service
 []


Underfull \hbox (badness 2418) in paragraph at lines 164--165
\T1/times/n/n/10 communication over HTTP/2. Recent work reports that
 []


Overfull \hbox (8.26958pt too wide) in paragraph at lines 166--167
[]\T1/times/n/n/10 While HTTP/2 multiplexing significantly reduces connection
 []


Underfull \hbox (badness 4316) in paragraph at lines 166--167
\T1/times/n/n/10 demonstrate gRPC's superiority in execution time and
 []


Underfull \hbox (badness 1360) in paragraph at lines 166--167
\T1/times/n/n/10 resource utilization. Taha \T1/times/n/it/10 et al. \T1/times/
n/n/10 point out that proactive
 []


Underfull \hbox (badness 1735) in paragraph at lines 166--167
\T1/times/n/n/10 with dynamic dependencies and multiplexing, especially
 []


Underfull \hbox (badness 3536) in paragraph at lines 168--169
\T1/times/n/n/10 in cloud continuum environments^^Vincluding ephemeral
 []


Underfull \hbox (badness 1668) in paragraph at lines 168--169
\T1/times/n/it/10 et al. \T1/times/n/n/10 found that gRPC performance degrades 
for large
 []


Underfull \hbox (badness 1360) in paragraph at lines 168--169
\T1/times/n/n/10 behavior: over a 45 ms RTT path, the bandwidth-delay
 []


Underfull \hbox (badness 2781) in paragraph at lines 171--172
\T1/times/n/n/10 Monitor-Analyze-Plan-Execute with Knowledge (MAPE-
 []


Underfull \hbox (badness 3439) in paragraph at lines 171--172
\T1/times/n/n/10 implementations integrate autonomic managers into the
 []


Underfull \hbox (badness 2753) in paragraph at lines 171--172
\T1/times/n/n/10 circuit breaking, anomaly detection, and traffic activity
 []


Underfull \hbox (badness 4713) in paragraph at lines 171--172
\T1/times/n/n/10 [8]. A recent article introduces machine learning and
 []


Underfull \hbox (badness 4242) in paragraph at lines 171--172
\T1/times/n/n/10 Nevertheless, these approaches introduce non-negligible
 []


Underfull \hbox (badness 10000) in paragraph at lines 171--172
\T1/times/n/n/10 telemetry aggregation and decision latencies, making
 []


Underfull \hbox (badness 1371) in paragraph at lines 171--172
\T1/times/n/n/10 them less effective in responding to immediate network
 []


Underfull \hbox (badness 1502) in paragraph at lines 171--172
\T1/times/n/n/10 connection starvation problems when runtime conditions
 []

<notaglinelogo.png, id=21, 169.38281pt x 42.91031pt>
File: notaglinelogo.png Graphic file (type png)
<use notaglinelogo.png>
Package pdftex.def Info: notaglinelogo.png  used on input line 172.
(pdftex.def)             Requested size: 91.32pt x 23.1352pt.

LaTeX Font Warning: Font shape `T1/formata/m/sl' undefined
(Font)              using `T1/formata/m/it' instead on input line 172.


Overfull \hbox (505.12177pt too wide) has occurred while \output is active
[]
 []


Overfull \hbox (505.12177pt too wide) has occurred while \output is active
[]
 []


Underfull \hbox (badness 10000) has occurred while \output is active
[]
 []

[2 <./notaglinelogo.png>]
Underfull \hbox (badness 7540) in paragraph at lines 174--175
\T1/times/n/n/10 In contrast to existing static performance evaluations
 []


Underfull \hbox (badness 10000) in paragraph at lines 174--175
\T1/times/n/n/10 or resource-intensive AI-driven controller techniques,
 []


Underfull \hbox (badness 5924) in paragraph at lines 174--175
\T1/times/n/n/10 our approach introduces a lightweight, mathematically
 []


Underfull \hbox (badness 10000) in paragraph at lines 174--175
\T1/times/n/n/10 connection management. By clearly establishing the
 []


Underfull \hbox (badness 3657) in paragraph at lines 174--175
\T1/times/n/n/10 transition boundary between CPR and PCR paradigms
 []


Underfull \vbox (badness 10000) has occurred while \output is active []


Underfull \hbox (badness 1769) in paragraph at lines 197--198
\T1/times/n/n/10 communication overhead, $\T1/times/n/it/10 T[]$ \T1/times/n/n/
10 is further decomposed
 []


LaTeX Font Warning: Font shape `T1/formata/m/sl' undefined
(Font)              using `T1/formata/m/it' instead on input line 204.

File: notaglinelogo.png Graphic file (type png)
<use notaglinelogo.png>
Package pdftex.def Info: notaglinelogo.png  used on input line 204.
(pdftex.def)             Requested size: 91.32pt x 23.1352pt.

Overfull \hbox (505.12177pt too wide) has occurred while \output is active
[]
 []


Overfull \hbox (505.12177pt too wide) has occurred while \output is active
[]
 []


Underfull \hbox (badness 10000) has occurred while \output is active
[]
 []

[3 <./fig/seq-diagram-1-sync.png> <./fig/seq-diagram-2-async.png>]
Underfull \hbox (badness 10000) in paragraph at lines 222--222
[]\T1/times/b/n/10 Algorithm 1 \T1/times/n/n/10 Autonomic Controller with Math-
based
 []


Underfull \hbox (badness 2229) in paragraph at lines 276--277
\T1/times/n/n/10 in the CPR section of Fig. 1[], the application gateway
 []


Underfull \hbox (badness 1521) in paragraph at lines 282--283
[]\T1/times/n/n/10 Where $\T1/times/n/it/10 t[]$ \T1/times/n/n/10 is the TCP 3-
way handshake, $\T1/times/n/it/10 t[]$ \T1/times/n/n/10 is the
 []


Underfull \hbox (badness 1478) in paragraph at lines 284--285
[]\T1/times/n/n/10 In decentralized cloud-native architectures, the Client-
 []


Underfull \hbox (badness 2181) in paragraph at lines 284--285
\T1/times/n/n/10 application container natively executes its own network
 []


Underfull \hbox (badness 2111) in paragraph at lines 284--285
\T1/times/n/n/10 routing and load balancing (e.g., utilizing native gRPC
 []


Underfull \hbox (badness 5147) in paragraph at lines 284--285
\T1/times/n/n/10 load balancing). This proxyless architecture minimizes
 []


Underfull \hbox (badness 3942) in paragraph at lines 284--285
\T1/times/n/n/10 intermediate network hops, optimizing baseline latency
 []


Underfull \hbox (badness 1831) in paragraph at lines 286--287
[]\T1/times/n/n/10 From a queueing theory perspective, the CPR model
 []


Underfull \hbox (badness 2165) in paragraph at lines 286--287
\T1/times/n/n/10 operates as a rigid $\T1/times/n/it/10 M\OML/cmm/m/it/10 =\T1/
times/n/it/10 M\OML/cmm/m/it/10 =\T1/times/n/it/10 c$ \T1/times/n/n/10 queue. U
nder acute traffic
 []


Underfull \hbox (badness 1540) in paragraph at lines 286--287
\T1/times/n/n/10 surges, the network routing logic aggressively competes
 []

File: notaglinelogo.png Graphic file (type png)
<use notaglinelogo.png>
Package pdftex.def Info: notaglinelogo.png  used on input line 300.
(pdftex.def)             Requested size: 91.32pt x 23.1352pt.

LaTeX Font Warning: Font shape `T1/formata/m/sl' undefined
(Font)              using `T1/formata/m/it' instead on input line 300.


Overfull \hbox (505.12177pt too wide) has occurred while \output is active
[]
 []


Overfull \hbox (505.12177pt too wide) has occurred while \output is active
[]
 []


Underfull \hbox (badness 10000) has occurred while \output is active
[]
 []

[4]
Underfull \hbox (badness 2205) in paragraph at lines 301--302
[]\T1/times/n/n/10 While conventional research often criticizes the PCR
 []


Underfull \hbox (badness 1577) in paragraph at lines 301--302
\T1/times/n/n/10 permanent CPU, memory, and latency overheads during
 []


Underfull \hbox (badness 2922) in paragraph at lines 301--302
\T1/times/n/n/10 buffer [22]. It absorbs massive traffic spikes, manages
 []


Underfull \hbox (badness 4621) in paragraph at lines 301--302
\T1/times/n/n/10 thereby protecting the underlying application container
 []


Underfull \hbox (badness 1783) in paragraph at lines 308--309
[]\T1/times/n/n/10 The utilization of the gateway system is $\OML/cmm/m/it/10 ^
^Z \OT1/cmr/m/n/10 = []$\T1/times/n/n/10 .
 []


Underfull \hbox (badness 2828) in paragraph at lines 314--315
\T1/times/n/n/10 rate $\OML/cmm/m/it/10 ^^V[]$ \T1/times/n/n/10 is artificially
 low. Therefore, under the CPR
 []


Underfull \hbox (badness 1824) in paragraph at lines 316--317
\T1/times/n/n/10 the roles of the TCP session, the HTTP/2 stream, and
 []


Underfull \hbox (badness 5147) in paragraph at lines 316--317
\T1/times/n/n/10 application-layer channel management. A TCP session
 []


Underfull \hbox (badness 10000) in paragraph at lines 324--325
\T1/times/n/n/10 diverges fundamentally depending on the application
 []


Underfull \hbox (badness 4479) in paragraph at lines 333--334
[]\T1/times/n/n/10 When the arrival rate exceeds the aggregate thread
 []


Underfull \hbox (badness 1412) in paragraph at lines 344--345
\T1/times/n/n/10 enables the asynchronous gateway to hold thousands of
 []


Underfull \hbox (badness 2772) in paragraph at lines 344--345
\T1/times/n/n/10 catastrophic packet drops far beyond the limits of the
 []


Underfull \hbox (badness 10000) in paragraph at lines 346--347
[]\T1/times/n/n/10 The Algorithm 1[] is represented to accommodate
 []


Underfull \hbox (badness 3179) in paragraph at lines 346--347
\T1/times/n/n/10 mathematical processes in this section. There are four
 []


LaTeX Font Warning: Font shape `T1/formata/m/sl' undefined
(Font)              using `T1/formata/m/it' instead on input line 347.

File: notaglinelogo.png Graphic file (type png)
<use notaglinelogo.png>
Package pdftex.def Info: notaglinelogo.png  used on input line 347.
(pdftex.def)             Requested size: 91.32pt x 23.1352pt.

Overfull \hbox (505.12177pt too wide) has occurred while \output is active
[]
 []


Overfull \hbox (505.12177pt too wide) has occurred while \output is active
[]
 []


Underfull \hbox (badness 10000) has occurred while \output is active
[]
 []

[5]
<fig/ctr-arc.png, id=46, 1543.7675pt x 992.70876pt>
File: fig/ctr-arc.png Graphic file (type png)
<use fig/ctr-arc.png>
Package pdftex.def Info: fig/ctr-arc.png  used on input line 353.
(pdftex.def)             Requested size: 385.94093pt x 248.17657pt.
File: fig/ctr-arc.png Graphic file (type png)
<use fig/ctr-arc.png>
Package pdftex.def Info: fig/ctr-arc.png  used on input line 353.
(pdftex.def)             Requested size: 385.94093pt x 248.17657pt.

Underfull \hbox (badness 1424) in paragraph at lines 362--363
\T1/times/n/n/10 continuously evaluates both metrics for further analysis:
 []


Underfull \hbox (badness 1694) in paragraph at lines 364--365
\T1/times/n/n/10 digital counter, registering the exact volume of discrete
 []


Underfull \hbox (badness 7869) in paragraph at lines 398--399
[]\T1/times/n/n/10 To guarantee survivability, the controller defines a
 []


Overfull \hbox (2.41438pt too wide) in paragraph at lines 398--399
\T1/times/n/n/10 predictive intervention boundary ($\OML/cmm/m/it/10 ^^U[]$\T1/
times/n/n/10 ) using a configurable
 []


Underfull \hbox (badness 5970) in paragraph at lines 406--407
\T1/times/n/n/10 using theoretical capacity as stated in [], we also
 []


Underfull \hbox (badness 5924) in paragraph at lines 408--409
[]\T1/times/n/n/10 Targeting the 95th percentile ensures the controller
 []


Underfull \hbox (badness 3449) in paragraph at lines 408--409
\T1/times/n/n/10 while filtering out extreme, transient outliers (like the
 []


Underfull \hbox (badness 1394) in paragraph at lines 408--409
\T1/times/n/n/10 condition, the controller completely avoids false-positive
 []

File: notaglinelogo.png Graphic file (type png)
<use notaglinelogo.png>
Package pdftex.def Info: notaglinelogo.png  used on input line 409.
(pdftex.def)             Requested size: 91.32pt x 23.1352pt.

LaTeX Font Warning: Font shape `T1/formata/m/sl' undefined
(Font)              using `T1/formata/m/it' instead on input line 409.


Overfull \hbox (505.12177pt too wide) has occurred while \output is active
[]
 []


Overfull \hbox (505.12177pt too wide) has occurred while \output is active
[]
 []


Underfull \hbox (badness 10000) has occurred while \output is active
[]
 []

[6]
Overfull \hbox (3.99614pt too wide) in paragraph at lines 415--416
\T1/times/n/n/10 The control framework directly solves architectural inelastici
ty
 []


Underfull \hbox (badness 2837) in paragraph at lines 415--416
\T1/times/n/n/10 by bridging the CPR and PCR states dynamically. To
 []

<fig/topology.png, id=52, 633.36626pt x 691.58376pt>
File: fig/topology.png Graphic file (type png)
<use fig/topology.png>
Package pdftex.def Info: fig/topology.png  used on input line 432.
(pdftex.def)             Requested size: 123.07585pt x 134.38869pt.
<fig/eval-stg.png, id=53, 2027.575pt x 542.025pt>
File: fig/eval-stg.png Graphic file (type png)
<use fig/eval-stg.png>
Package pdftex.def Info: fig/eval-stg.png  used on input line 443.
(pdftex.def)             Requested size: 446.06789pt x 119.24586pt.

LaTeX Font Warning: Font shape `T1/formata/m/sl' undefined
(Font)              using `T1/formata/m/it' instead on input line 454.

File: notaglinelogo.png Graphic file (type png)
<use notaglinelogo.png>
Package pdftex.def Info: notaglinelogo.png  used on input line 454.
(pdftex.def)             Requested size: 91.32pt x 23.1352pt.

Overfull \hbox (505.12177pt too wide) has occurred while \output is active
[]
 []


Overfull \hbox (505.12177pt too wide) has occurred while \output is active
[]
 []


Underfull \hbox (badness 10000) has occurred while \output is active
[]
 []

[7 <./fig/ctr-arc.png> <./fig/topology.png>]
Underfull \hbox (badness 1533) in paragraph at lines 455--456
\T1/times/n/n/10 We aim to check how gRPC connection churn impacts
 []


Underfull \hbox (badness 3281) in paragraph at lines 455--456
\T1/times/n/n/10 performance, not to compare frameworks. Synchronous
 []


Overfull \hbox (11.45413pt too wide) in paragraph at lines 480--494
 [][] 
 []


Underfull \hbox (badness 1533) in paragraph at lines 500--501
\T1/times/n/n/10 The experiment was conducted on a Kubernetes cluster
 []


Underfull \hbox (badness 5175) in paragraph at lines 503--504
[]\T1/times/b/n/10 gRPC Backend Service (prime-server)\T1/times/n/n/10 : A high
-
 []


Underfull \hbox (badness 6016) in paragraph at lines 503--504
\T1/times/n/n/10 intensive prime number verification. To eliminate
 []


Underfull \hbox (badness 5652) in paragraph at lines 503--504
\T1/times/n/n/10 backend capacity as a confounding variable, this
 []


Underfull \hbox (badness 3417) in paragraph at lines 503--504
\T1/times/n/n/10 component was over-provisioned with 10 identical
 []


Underfull \hbox (badness 4660) in paragraph at lines 505--506
[]\T1/times/b/n/10 API Gateway (prime-frontend)\T1/times/n/n/10 : A Python Flas
k
 []


Underfull \hbox (badness 5741) in paragraph at lines 505--506
\T1/times/n/n/10 and FastAPI application running within Gunicorn
 []


Underfull \hbox (badness 3209) in paragraph at lines 505--506
\T1/times/n/n/10 and Uvicorn workers. This component acts as an
 []


Underfull \hbox (badness 10000) in paragraph at lines 512--513
\T1/times/n/n/10 To precisely calculate the application-layer gateway
 []

<fig/baseline_backend.png, id=60, 575.5101pt x 383.2719pt>
File: fig/baseline_backend.png Graphic file (type png)
<use fig/baseline_backend.png>
Package pdftex.def Info: fig/baseline_backend.png  used on input line 518.
(pdftex.def)             Requested size: 517.9543pt x 344.94151pt.

Overfull \hbox (12.83253pt too wide) in paragraph at lines 518--520
 [][] 
 []


Overfull \hbox (4.70285pt too wide) in paragraph at lines 527--528
\T1/times/n/n/10 To evaluate the overall system performance and comprehensive
 []


Underfull \hbox (badness 6575) in paragraph at lines 527--528
\T1/times/n/n/10 an end-to-end (E2E) evaluation stage was conducted.
 []


Underfull \hbox (badness 10000) in paragraph at lines 531--532
\T1/times/n/n/10 The API gateway tier was interchangeably evaluated
 []


Underfull \hbox (badness 2302) in paragraph at lines 531--532
\T1/times/n/n/10 entirely on default Kubernetes static scheduling) and a
 []


Underfull \hbox (badness 2495) in paragraph at lines 531--532
\T1/times/n/n/10 their respective impacts on latency mitigation, resource
 []

File: notaglinelogo.png Graphic file (type png)
<use notaglinelogo.png>
Package pdftex.def Info: notaglinelogo.png  used on input line 532.
(pdftex.def)             Requested size: 91.32pt x 23.1352pt.

LaTeX Font Warning: Font shape `T1/formata/m/sl' undefined
(Font)              using `T1/formata/m/it' instead on input line 532.


Overfull \hbox (505.12177pt too wide) has occurred while \output is active
[]
 []


Overfull \hbox (505.12177pt too wide) has occurred while \output is active
[]
 []


Underfull \hbox (badness 10000) has occurred while \output is active
[]
 []

[8 <./fig/eval-stg.png>]
Underfull \hbox (badness 6188) in paragraph at lines 540--541
\T1/times/n/n/10 daemon initiated continuous polling of container-
 []


Underfull \hbox (badness 7362) in paragraph at lines 540--541
\T1/times/n/n/10 level resource consumption using the Kubernetes
 []


Underfull \vbox (badness 2351) has occurred while \output is active []


Underfull \hbox (badness 10000) in paragraph at lines 544--545
[]\T1/times/b/n/10 Data Processing and Metric Extraction: \T1/times/n/n/10 Upon

 []

<fig/baseline_latency.png, id=65, 574.5465pt x 383.2719pt>
File: fig/baseline_latency.png Graphic file (type png)
<use fig/baseline_latency.png>
Package pdftex.def Info: fig/baseline_latency.png  used on input line 554.
(pdftex.def)             Requested size: 517.08707pt x 344.94151pt.

Overfull \hbox (62.48058pt too wide) in paragraph at lines 554--555
 [][] 
 []


Underfull \hbox (badness 1454) in paragraph at lines 563--564
\T1/times/n/n/10 Unlike end-to-end scenarios that evaluate the system as
 []


Underfull \hbox (badness 1484) in paragraph at lines 563--564
\T1/times/n/n/10 API gateway, directly injecting gRPC payloads into the
 []


Underfull \vbox (badness 10000) has occurred while \output is active []



LaTeX Font Warning: Font shape `T1/formata/m/sl' undefined
(Font)              using `T1/formata/m/it' instead on input line 564.

File: notaglinelogo.png Graphic file (type png)
<use notaglinelogo.png>
Package pdftex.def Info: notaglinelogo.png  used on input line 564.
(pdftex.def)             Requested size: 91.32pt x 23.1352pt.

Overfull \hbox (505.12177pt too wide) has occurred while \output is active
[]
 []


Overfull \hbox (505.12177pt too wide) has occurred while \output is active
[]
 []


Underfull \hbox (badness 10000) has occurred while \output is active
[]
 []

[9 <./fig/baseline_backend.png>]
Underfull \hbox (badness 2478) in paragraph at lines 565--566
\T1/times/n/n/10 performance when gRPC requests traverse the backend
 []


Underfull \hbox (badness 4193) in paragraph at lines 567--568
\T1/times/n/n/10 capabilities. The $\T1/times/n/it/10 T[]$ \T1/times/n/n/10 val
ue is calculated based on
 []


Underfull \hbox (badness 3746) in paragraph at lines 576--577
\T1/times/n/n/10 degradation in the microservices architecture originates
 []


Underfull \hbox (badness 2884) in paragraph at lines 576--577
\T1/times/n/n/10 directly from the queueing constraints imposed by the
 []


Underfull \hbox (badness 10000) in paragraph at lines 576--577
\T1/times/n/n/10 Connection-Per-Request (CPR) paradigm. Conversely,
 []


Underfull \hbox (badness 10000) in paragraph at lines 576--577
\T1/times/n/n/10 implementing Persistent Channel Reuse (PCR)^^Veither
 []


Underfull \hbox (badness 5985) in paragraph at lines 576--577
\T1/times/n/n/10 statically or dynamically via our proposed autonomic
 []


Underfull \hbox (badness 3375) in paragraph at lines 576--577
\T1/times/n/n/10 controller^^Vfundamentally alters this queueing behavior,
 []


Underfull \hbox (badness 2293) in paragraph at lines 581--582
\T1/times/n/n/10 To establish a strict computational baseline and isolate
 []


Underfull \vbox (badness 6236) has occurred while \output is active []

File: notaglinelogo.png Graphic file (type png)
<use notaglinelogo.png>
Package pdftex.def Info: notaglinelogo.png  used on input line 582.
(pdftex.def)             Requested size: 91.32pt x 23.1352pt.


LaTeX Font Warning: Font shape `T1/formata/m/sl' undefined
(Font)              using `T1/formata/m/it' instead on input line 582.


Overfull \hbox (505.12177pt too wide) has occurred while \output is active
[]
 []


Overfull \hbox (505.12177pt too wide) has occurred while \output is active
[]
 []


Underfull \hbox (badness 10000) has occurred while \output is active
[]
 []

[10 <./fig/baseline_latency.png>]
Underfull \hbox (badness 4254) in paragraph at lines 583--584
\T1/times/n/n/10 consistently delivered a total average response latency
 []


Underfull \hbox (badness 1635) in paragraph at lines 583--584
\OT1/cmr/m/n/10 0\OML/cmm/m/it/10 :\OT1/cmr/m/n/10 19[][]0\OML/cmm/m/it/10 :\OT
1/cmr/m/n/10 29[]$\T1/times/n/n/10 ). Furthermore, tail latencies remained
 []


Underfull \hbox (badness 3646) in paragraph at lines 585--586
\T1/times/n/n/10 from $\OT1/cmr/m/n/10 83\OML/cmm/m/it/10 :\OT1/cmr/m/n/10 51[]
$ \T1/times/n/n/10 at 200 RPS to $\OT1/cmr/m/n/10 281\OML/cmm/m/it/10 :\OT1/cmr
/m/n/10 16[]$
 []


Underfull \hbox (badness 1931) in paragraph at lines 585--586
\T1/times/n/n/10 at 1200 RPS, while memory footprint remained flat at
 []


Underfull \hbox (badness 3039) in paragraph at lines 585--586
\T1/times/n/n/10 approximately $\OT1/cmr/m/n/10 200[]$\T1/times/n/n/10 . This f
lat latency and resource
 []

<fig/base_vs_ctr_cpr.png, id=74, 502.5174pt x 383.2719pt>
File: fig/base_vs_ctr_cpr.png Graphic file (type png)
<use fig/base_vs_ctr_cpr.png>
Package pdftex.def Info: fig/base_vs_ctr_cpr.png  used on input line 593.
(pdftex.def)             Requested size: 251.25807pt x 191.63547pt.

Overfull \hbox (23.95483pt too wide) in paragraph at lines 593--597
 [][] 
 []

<fig/base_vs_ctr_pcr.png, id=75, 502.5174pt x 383.2719pt>
File: fig/base_vs_ctr_pcr.png Graphic file (type png)
<use fig/base_vs_ctr_pcr.png>
Package pdftex.def Info: fig/base_vs_ctr_pcr.png  used on input line 603.
(pdftex.def)             Requested size: 251.25807pt x 191.63547pt.

Overfull \hbox (8.80179pt too wide) in paragraph at lines 603--607
 [][] 
 []


Underfull \hbox (badness 4872) in paragraph at lines 616--617
\T1/times/n/n/10 disparities between connection paradigms and gateway
 []

Please use mathbf in math mode instead of bf.
Please use mathbf in math mode instead of bf. Excluding 'comment' comment.
Excluding 'comment' comment.
Underfull \hbox (badness 8113) in paragraph at lines 742--743
\T1/times/n/n/10 While the Connection Per-Request (CPR) anti-pattern
 []


Underfull \hbox (badness 3291) in paragraph at lines 742--743
\T1/times/n/n/10 demonstrates universal vulnerability to TCP connection
 []


Underfull \hbox (badness 4454) in paragraph at lines 742--743
\T1/times/n/n/10 at application startup and multiplexed across requests,
 []


Underfull \hbox (badness 3449) in paragraph at lines 747--748
[]\T1/times/n/n/10 Upon reaching the controller's intervention threshold
 []


Underfull \hbox (badness 1509) in paragraph at lines 747--748
\T1/times/n/n/10 a full $\OT1/cmr/m/n/10 1\OML/cmm/m/it/10 ; \OT1/cmr/m/n/10 20
0\OML/cmm/m/it/10 :\OT1/cmr/m/n/10 18[]$ \T1/times/n/n/10 ($\OT1/cmr/m/n/10 +0\
OML/cmm/m/it/10 :\OT1/cmr/m/n/10 6%$ \T1/times/n/n/10 gain over baseline), whil
e
 []


LaTeX Font Warning: Font shape `T1/formata/m/sl' undefined
(Font)              using `T1/formata/m/it' instead on input line 748.

File: notaglinelogo.png Graphic file (type png)
<use notaglinelogo.png>
Package pdftex.def Info: notaglinelogo.png  used on input line 748.
(pdftex.def)             Requested size: 91.32pt x 23.1352pt.

Overfull \hbox (505.12177pt too wide) has occurred while \output is active
[]
 []


Overfull \hbox (505.12177pt too wide) has occurred while \output is active
[]
 []


Underfull \hbox (badness 10000) has occurred while \output is active
[]
 []

[11]
LaTeX Font Info:    Trying to load font information for T1+pcr on input line 75
2.
 (/home/irawan/.miktex/texmfs/install/tex/latex/psnfss/t1pcr.fd
File: t1pcr.fd 2001/06/04 font definitions for T1/pcr.
)

LaTeX Font Warning: Font shape `T1/pcr/n/n' undefined
(Font)              using `T1/pcr/m/n' instead on input line 752.


Underfull \hbox (badness 2142) in paragraph at lines 752--753
\T1/times/n/n/10 for FastAPI PCR, the autonomic controller's evaluation
 []


Underfull \vbox (badness 1558) has occurred while \output is active []

<fig/ctr-perf.png, id=80, 1720.2669pt x 853.0269pt>
File: fig/ctr-perf.png Graphic file (type png)
<use fig/ctr-perf.png>
Package pdftex.def Info: fig/ctr-perf.png  used on input line 760.
(pdftex.def)             Requested size: 516.08406pt x 255.91005pt.

Overfull \hbox (10.9623pt too wide) in paragraph at lines 760--764
 [][] 
 []


Underfull \hbox (badness 10000) in paragraph at lines 773--774
\T1/times/n/n/10 To understand the mechanics of asymptotic latency
 []


Underfull \hbox (badness 2762) in paragraph at lines 776--777
\OT1/cmr/m/n/10 0\OML/cmm/m/it/10 :\OT1/cmr/m/n/10 28[]$\T1/times/n/n/10 ) with
 the E2E PCR system latency ($\T1/times/n/it/10 T[] \OMS/cmsy/m/n/10 ^^Y
 []


Underfull \hbox (badness 10000) in paragraph at lines 776--777
\OT1/cmr/m/n/10 3\OML/cmm/m/it/10 :\OT1/cmr/m/n/10 02[][]36\OML/cmm/m/it/10 :\O
T1/cmr/m/n/10 31[]$\T1/times/n/n/10 ) exposes a fundamental structural
 []


Underfull \hbox (badness 3088) in paragraph at lines 776--777
\T1/times/n/n/10 overhead, defined as the \T1/times/n/it/10 Inherent Proxy Late
ncy Gap\T1/times/n/n/10 .
 []


Underfull \hbox (badness 10000) in paragraph at lines 776--777
\T1/times/n/it/10 Abstraction Paradox\T1/times/n/n/10 : although API gateways p
rovide
 []


Underfull \hbox (badness 2269) in paragraph at lines 776--777
\T1/times/n/n/10 essential protocol decoupling, their internal serialization
 []


Underfull \hbox (badness 5578) in paragraph at lines 776--777
\T1/times/n/n/10 ($\T1/times/n/it/10 S[]$\T1/times/n/n/10 ) that vastly exceeds
 pure backend algorithm
 []


Underfull \vbox (badness 10000) has occurred while \output is active []

File: notaglinelogo.png Graphic file (type png)
<use notaglinelogo.png>
Package pdftex.def Info: notaglinelogo.png  used on input line 777.
(pdftex.def)             Requested size: 91.32pt x 23.1352pt.


LaTeX Font Warning: Font shape `T1/formata/m/sl' undefined
(Font)              using `T1/formata/m/it' instead on input line 777.


Overfull \hbox (505.12177pt too wide) has occurred while \output is active
[]
 []


Overfull \hbox (505.12177pt too wide) has occurred while \output is active
[]
 []


Underfull \hbox (badness 10000) has occurred while \output is active
[]
 []

[12{/home/irawan/.miktex/texmfs/install/fonts/enc/dvips/base/8r.enc} <./fig/bas
e_vs_ctr_cpr.png> <./fig/base_vs_ctr_pcr.png>]
Underfull \hbox (badness 1371) in paragraph at lines 827--828
\T1/times/n/n/10 request processing operates as an $\T1/times/n/it/10 M\OML/cmm
/m/it/10 =\T1/times/n/it/10 M\OML/cmm/m/it/10 =\T1/times/n/it/10 c$ \T1/times/n
/n/10 queue where
 []


Underfull \hbox (badness 1484) in paragraph at lines 827--828
\T1/times/n/n/10 worker threads block during both CPU transcoding and
 []


Underfull \hbox (badness 3735) in paragraph at lines 829--830
[]\T1/times/n/n/10 In contrast, the asynchronous event-loop architecture
 []


Underfull \hbox (badness 3333) in paragraph at lines 840--841
[]\T1/times/b/n/10 Saturation & Intervention Thresholds: \T1/times/n/n/10 Using
 $\T1/times/n/it/10 S$\T1/times/n/n/10 ,
 []


Underfull \hbox (badness 4279) in paragraph at lines 840--841
\T1/times/n/n/10 the controller dynamically computes the predicted
 []


Underfull \hbox (badness 2635) in paragraph at lines 840--841
\T1/times/n/n/10 crash point $\OML/cmm/m/it/10 ^^U[] \OT1/cmr/m/n/10 = []$ \T1/
times/n/n/10 ($\T1/times/n/it/10 crash[]point[]rps$\T1/times/n/n/10 ) and the
 []


Underfull \hbox (badness 1642) in paragraph at lines 840--841
\T1/times/n/n/10 predictive trigger threshold $\OML/cmm/m/it/10 ^^U[] \OT1/cmr/
m/n/10 = \OML/cmm/m/it/10 ^^U[] \OMS/cmsy/m/n/10 ^^B \OML/cmm/m/it/10 ^^\[]$
 []


Underfull \hbox (badness 10000) in paragraph at lines 840--841
\T1/times/n/n/10 ($\T1/times/n/it/10 trigger[]point[]rps$\T1/times/n/n/10 ), wh
ere target utilization ratio
 []


LaTeX Font Warning: Font shape `T1/formata/m/sl' undefined
(Font)              using `T1/formata/m/it' instead on input line 841.

File: notaglinelogo.png Graphic file (type png)
<use notaglinelogo.png>
Package pdftex.def Info: notaglinelogo.png  used on input line 841.
(pdftex.def)             Requested size: 91.32pt x 23.1352pt.

Overfull \hbox (505.12177pt too wide) has occurred while \output is active
[]
 []


Overfull \hbox (505.12177pt too wide) has occurred while \output is active
[]
 []


Underfull \hbox (badness 10000) has occurred while \output is active
[]
 []

[13 <./fig/ctr-perf.png>]
Underfull \hbox (badness 2980) in paragraph at lines 849--850
\T1/times/n/n/10 blocking execution doubles the effective saturation
 []


Underfull \hbox (badness 10000) in paragraph at lines 853--854
\T1/times/n/n/10 and $\T1/times/n/it/10 P[]$ \T1/times/n/n/10 latency well belo
w $\T1/times/n/it/10 L[] \OT1/cmr/m/n/10 = 35[]$\T1/times/n/n/10 .
 []


Underfull \vbox (badness 1281) has occurred while \output is active []


Underfull \hbox (badness 1622) in paragraph at lines 855--856
\T1/times/n/n/10 test iterations, the controller daemon operated with
 []


Underfull \hbox (badness 6808) in paragraph at lines 858--859
[]\T1/times/n/n/10 Ultimately, transitioning the system to PCR^^Veither
 []


Underfull \hbox (badness 10000) in paragraph at lines 864--865
\T1/times/n/n/10 Synthesizing telemetry across all eight experimental
 []


Underfull \hbox (badness 7522) in paragraph at lines 864--865
\T1/times/n/n/10 permutations yields a clear hierarchy of architectural
 []


Overfull \hbox (1.54535pt too wide) in paragraph at lines 868--869
[]\T1/times/b/n/10 CPR Universal Vulnerability: \T1/times/n/n/10 Connection-Per
-Request
 []


Underfull \hbox (badness 5345) in paragraph at lines 868--869
\T1/times/n/n/10 handling acts as an absolute performance ceiling
 []


Underfull \hbox (badness 1389) in paragraph at lines 868--869
\T1/times/n/n/10 ($\OMS/cmsy/m/n/10 ^^Y \OT1/cmr/m/n/10 680[]$\T1/times/n/n/10 
) regardless of framework concurrency
 []


Underfull \hbox (badness 3895) in paragraph at lines 868--869
\T1/times/n/n/10 model. Kernel-level TCP handshake churn ($\T1/times/n/it/10 t[
] \OT1/cmr/m/n/10 +
 []


Underfull \hbox (badness 10000) in paragraph at lines 868--869
\T1/times/n/it/10 t[]$\T1/times/n/n/10 ) overwhelms synchronous thread pools an
d
 []


Underfull \hbox (badness 10000) in paragraph at lines 869--870
[]\T1/times/b/n/10 PCR Framework Decoupling: \T1/times/n/n/10 Transitioning to
 []


Underfull \hbox (badness 4608) in paragraph at lines 869--870
\T1/times/n/n/10 shifting the system bottleneck to application-layer
 []


Underfull \hbox (badness 2556) in paragraph at lines 869--870
\T1/times/n/n/10 Flask by two orders of magnitude in $\T1/times/n/it/10 P[]$ \T
1/times/n/n/10 latency
 []


Underfull \hbox (badness 1590) in paragraph at lines 869--870
\T1/times/n/n/10 ($\OT1/cmr/m/n/10 1\OML/cmm/m/it/10 :\OT1/cmr/m/n/10 41[]$ \T1
/times/n/n/10 vs. $\OT1/cmr/m/n/10 385\OML/cmm/m/it/10 :\OT1/cmr/m/n/10 09[]$ \
T1/times/n/n/10 at 1200 RPS) due to non-
 []

File: notaglinelogo.png Graphic file (type png)
<use notaglinelogo.png>
Package pdftex.def Info: notaglinelogo.png  used on input line 870.
(pdftex.def)             Requested size: 91.32pt x 23.1352pt.

LaTeX Font Warning: Font shape `T1/formata/m/sl' undefined
(Font)              using `T1/formata/m/it' instead on input line 870.


Overfull \hbox (505.12177pt too wide) has occurred while \output is active
[]
 []


Overfull \hbox (505.12177pt too wide) has occurred while \output is active
[]
 []


Underfull \hbox (badness 10000) has occurred while \output is active
[]
 []

[14]
Underfull \hbox (badness 1803) in paragraph at lines 870--871
[]\T1/times/b/n/10 Controller Restoration Power: \T1/times/n/n/10 For saturated
 CPR
 []


Underfull \hbox (badness 10000) in paragraph at lines 871--872
[]\T1/times/b/n/10 SLA-Aware Selective Actuation: \T1/times/n/n/10 The controll
er
 []


Underfull \hbox (badness 4096) in paragraph at lines 885--886
\T1/times/n/n/10 A striking finding from our compositional analysis is
 []


Underfull \hbox (badness 10000) in paragraph at lines 887--888
\T1/times/n/n/10 the DeathStarBench microservice suite (Gan \T1/times/n/it/10 e
t al.\T1/times/n/n/10 )
 []


Underfull \hbox (badness 1533) in paragraph at lines 887--888
\T1/times/n/n/10 mandatory for external security and routing, their static
 []


Underfull \hbox (badness 5475) in paragraph at lines 892--893
\T1/times/n/n/10 scaling. In an $\T1/times/n/it/10 M\OML/cmm/m/it/10 =\T1/times
/n/it/10 M\OML/cmm/m/it/10 =\T1/times/n/it/10 c$ \T1/times/n/n/10 queueing envi
ronment, worker
 []


Underfull \hbox (badness 1817) in paragraph at lines 892--893
\T1/times/n/n/10 threads are completely blocked during external network
 []


Underfull \hbox (badness 3769) in paragraph at lines 892--893
\T1/times/n/n/10 by coordinating hardware and software resources such
 []


Underfull \hbox (badness 5726) in paragraph at lines 895--896
\T1/times/n/n/10 Addressing the aforementioned bottlenecks requires in
 []


Underfull \hbox (badness 2393) in paragraph at lines 895--896
\T1/times/n/n/10 outlining between immediate operational mitigation and
 []


Underfull \hbox (badness 4886) in paragraph at lines 895--896
\T1/times/n/n/10 long-term architectural cures. As demonstrated in this
 []


Underfull \hbox (badness 6758) in paragraph at lines 895--896
\T1/times/n/n/10 (FastAPI) acts as the ultimate architectural cure. By
 []


Underfull \hbox (badness 2707) in paragraph at lines 897--898
\T1/times/n/n/10 autonomic controller developed in this study serves as
 []


Underfull \hbox (badness 1728) in paragraph at lines 897--898
\T1/times/n/n/10 in Kephart and Chess's vision of autonomic computing
 []


Underfull \hbox (badness 5133) in paragraph at lines 897--898
\T1/times/n/n/10 of a ubiquitous sidecar deployment. Ultimately, while
 []


Underfull \hbox (badness 2970) in paragraph at lines 897--898
\T1/times/n/n/10 zero-waste insurance policy for vulnerable synchronous
 []


Underfull \hbox (badness 4454) in paragraph at lines 904--905
\T1/times/n/n/10 microservice architectures, focusing specifically on the
 []


Underfull \hbox (badness 2351) in paragraph at lines 904--905
\T1/times/n/n/10 implementations. Our evaluation, conducted across both
 []


LaTeX Font Warning: Font shape `T1/formata/m/sl' undefined
(Font)              using `T1/formata/m/it' instead on input line 905.

File: notaglinelogo.png Graphic file (type png)
<use notaglinelogo.png>
Package pdftex.def Info: notaglinelogo.png  used on input line 905.
(pdftex.def)             Requested size: 91.32pt x 23.1352pt.

Overfull \hbox (505.12177pt too wide) has occurred while \output is active
[]
 []


Overfull \hbox (505.12177pt too wide) has occurred while \output is active
[]
 []


Underfull \hbox (badness 10000) has occurred while \output is active
[]
 []

[15]
Underfull \hbox (badness 3849) in paragraph at lines 906--907
\T1/times/n/n/10 connection setup overheads ($\T1/times/n/it/10 t[] \OT1/cmr/m/
n/10 + \T1/times/n/it/10 t[]$\T1/times/n/n/10 ) and prevents
 []


Underfull \hbox (badness 2671) in paragraph at lines 908--909
\T1/times/n/n/10 upon SLA violation ($\T1/times/n/it/10 L[] \OMS/cmsy/m/n/10 ^^
U \T1/times/n/it/10 L[]$\T1/times/n/n/10 ). Under saturated
 []


Underfull \hbox (badness 10000) in paragraph at lines 910--911
[]\T1/times/n/n/10 Future work will expand upon this benchmarking
 []


Underfull \hbox (badness 4132) in paragraph at lines 910--911
\T1/times/n/n/10 methodology in two distinct directions. First, we will
 []


Underfull \hbox (badness 10000) in paragraph at lines 910--911
\T1/times/n/n/10 transition the evaluation into the domain of Chaos
 []


Underfull \hbox (badness 4254) in paragraph at lines 910--911
\T1/times/n/n/10 and unexpected pod termination) under sustained load
 []


Underfull \hbox (badness 1509) in paragraph at lines 910--911
\T1/times/n/n/10 to measure the resilience, cutover latency, and recovery
 []


Underfull \hbox (badness 2088) in paragraph at lines 910--911
\T1/times/n/n/10 dynamics of the autonomic controller. Second, building
 []


Underfull \hbox (badness 5431) in paragraph at lines 910--911
\T1/times/n/n/10 in synchronous systems^^Vfuture research will examine
 []


Underfull \hbox (badness 5231) in paragraph at lines 910--911
\T1/times/n/n/10 horizontal scalability. We aim to integrate Kubernetes
 []


Underfull \hbox (badness 2626) in paragraph at lines 910--911
\T1/times/n/n/10 controller to analyze how dynamic pod replica scaling
 []


Underfull \hbox (badness 2351) in paragraph at lines 930--931
\T1/times/n/n/7.61 and southbound APIs for IPv6 segment routing enabled wide ar
ea
 []


Underfull \hbox (badness 2865) in paragraph at lines 940--941
[]\T1/times/m/n/7.61 A. Sampson, Y. Saito, and R. Chan, ``Bebop: A Branchless D
ata
 []

LaTeX Font Info:    Calculating math sizes for size <7.61> on input line 943.

Underfull \hbox (badness 2512) in paragraph at lines 946--947
[]\T1/times/m/n/7.61 T. Pinheiro, M. Mialaret, P. Pereira, L. Lins, D. Silva, J
. Dantas,
 []


Underfull \hbox (badness 10000) in paragraph at lines 946--947
\T1/times/m/n/7.61 and P. Maciel, ``Performance modeling of microservices with
 []


Underfull \hbox (badness 10000) in paragraph at lines 946--947
\T1/times/m/n/7.61 circuit breakers using stochastic Petri nets,'' in \T1/times
/m/it/7.61 2024 IEEE
 []


Underfull \hbox (badness 10000) in paragraph at lines 946--947
\T1/times/m/it/7.61 International Systems Conference (SysCon)\T1/times/m/n/7.61
 , 2024, pp. 1--8, doi:
 []


Underfull \hbox (badness 10000) in paragraph at lines 949--950
\T1/times/m/n/7.61 "Compositional coordinated resource provisioning in workflow
s
 []


Underfull \hbox (badness 10000) in paragraph at lines 949--950
\T1/times/m/n/7.61 with stochastic durations," \T1/times/m/it/7.61 IEEE Transac
tions on Parallel and
 []


Underfull \hbox (badness 7759) in paragraph at lines 949--950
\T1/times/m/it/7.61 Distributed Systems\T1/times/m/n/7.61 , vol. 36, no. 9, pp.
 1937--1954, 2025, doi:
 []


Underfull \hbox (badness 3701) in paragraph at lines 964--965
[]\T1/times/m/n/7.61 F. Biondani, F. Tosoni, N. Dall'Ora, E. Fraccaroli, D. S. 
Cheng,
 []


Underfull \hbox (badness 3168) in paragraph at lines 964--965
\T1/times/m/n/7.61 and F. Fummi, ``MATE: A methodology for connecting automatic

 []


Underfull \hbox (badness 10000) in paragraph at lines 964--965
\T1/times/m/n/7.61 test equipment in Industry 4.0,'' \T1/times/m/it/7.61 IEEE A
ccess\T1/times/m/n/7.61 , 2026, doi:
 []

File: notaglinelogo.png Graphic file (type png)
<use notaglinelogo.png>
Package pdftex.def Info: notaglinelogo.png  used on input line 977.
(pdftex.def)             Requested size: 91.32pt x 23.1352pt.

LaTeX Font Warning: Font shape `T1/formata/m/sl' undefined
(Font)              using `T1/formata/m/it' instead on input line 977.


Overfull \hbox (505.12177pt too wide) has occurred while \output is active
[]
 []


Overfull \hbox (505.12177pt too wide) has occurred while \output is active
[]
 []


Underfull \hbox (badness 10000) has occurred while \output is active
[]
 []

[16]
Underfull \hbox (badness 3240) in paragraph at lines 982--983
[]\T1/times/m/n/7.61 Uvicorn, ``An ASGI web server, for Python.'' [Online]. Ava
ilable:
 []


Underfull \hbox (badness 3989) in paragraph at lines 1007--1008
\T1/times/m/n/7.61 Optimized Task Scheduling Algorithm for Cloud Computing With

 []


Underfull \hbox (badness 6032) in paragraph at lines 1011--1012
[]\T1/times/m/n/7.61 I. Angus et al., ``An introduction to Erlang B and Erlang 
C,''
 []


Underfull \hbox (badness 10000) in paragraph at lines 1020--1021
[]\T1/times/m/n/7.61 WSGI Team, ``What is WSGI,'' 2015. [Online]. Available:
 []


Underfull \hbox (badness 10000) in paragraph at lines 1020--1021
[]$\T1/times/m/n/7.61 . [Accessed: Sept. 24
 []


Underfull \hbox (badness 10000) in paragraph at lines 1023--1024
[]\T1/times/m/n/7.61 ASGI Team, ``ASGI Documentation,'' 2018. [Online]. Availab
le:
 []


Underfull \hbox (badness 10000) in paragraph at lines 1035--1036
[]\T1/times/m/n/7.61 J. O. Kephart and D. M. Chess, ``The vision of autonomic
 []


Underfull \hbox (badness 2418) in paragraph at lines 1035--1036
\T1/times/m/n/7.61 computing,'' \T1/times/m/it/7.61 Computer\T1/times/m/n/7.61 
, vol. 36, no. 1, pp. 41--50, Jan. 2003, doi:
 []

<author1.png, id=105, 225.84375pt x 282.30469pt>
File: author1.png Graphic file (type png)
<use author1.png>
Package pdftex.def Info: author1.png  used on input line 1039.
(pdftex.def)             Requested size: 72.27147pt x 90.33934pt.
File: author1.png Graphic file (type png)
<use author1.png>
Package pdftex.def Info: author1.png  used on input line 1039.
(pdftex.def)             Requested size: 72.27147pt x 90.33934pt.

Underfull \hbox (badness 6157) in paragraph at lines 1039--1056
[]\T1/formata/m/n/8 FIRST A. AUTHOR \T1/times/n/n/8 received the B.S. and
 []


Underfull \hbox (badness 2753) in paragraph at lines 1039--1056
\T1/times/n/n/8 with the Mechanical Engineering Department,
 []


Underfull \hbox (badness 7722) in paragraph at lines 1039--1056
[]\T1/times/n/n/8 Dr. Author was a recipient of the International Association o
f
 []

<author2.png, id=108, 225.84375pt x 282.30469pt>
File: author2.png Graphic file (type png)
<use author2.png>
Package pdftex.def Info: author2.png  used on input line 1059.
(pdftex.def)             Requested size: 72.27147pt x 90.33934pt.
File: author2.png Graphic file (type png)
<use author2.png>
Package pdftex.def Info: author2.png  used on input line 1059.
(pdftex.def)             Requested size: 72.27147pt x 90.33934pt.

Underfull \hbox (badness 6944) in paragraph at lines 1059--1085
\T1/times/n/n/8 are often not included in conference-related
 []


LaTeX Font Warning: Font shape `T1/formata/m/sl' undefined
(Font)              using `T1/formata/m/it' instead on input line 1087.

File: notaglinelogo.png Graphic file (type png)
<use notaglinelogo.png>
Package pdftex.def Info: notaglinelogo.png  used on input line 1087.
(pdftex.def)             Requested size: 91.32pt x 23.1352pt.

Overfull \hbox (505.12177pt too wide) has occurred while \output is active
[]
 []


Overfull \hbox (505.12177pt too wide) has occurred while \output is active
[]
 []


Underfull \hbox (badness 10000) has occurred while \output is active
[]
 []

[17 <./author1.png> <./author2.png>]
File: bullet.png Graphic file (type png)
<use bullet.png>
Package pdftex.def Info: bullet.png  used on input line 1110.
(pdftex.def)             Requested size: 5.0pt x 14.6871pt.
File: notaglinelogo.png Graphic file (type png)
<use notaglinelogo.png>
Package pdftex.def Info: notaglinelogo.png  used on input line 1112.
(pdftex.def)             Requested size: 91.32pt x 23.1352pt.


LaTeX Font Warning: Font shape `T1/formata/m/sl' undefined
(Font)              using `T1/formata/m/it' instead on input line 1112.


Overfull \hbox (505.12177pt too wide) has occurred while \output is active
[]
 []


Overfull \hbox (505.12177pt too wide) has occurred while \output is active
[]
 []


Underfull \hbox (badness 10000) has occurred while \output is active
[]
 []

[18

] (access.aux)
 ***********
LaTeX2e <2026-06-01>
L3 programming layer <2026-07-20>
 ***********


LaTeX Font Warning: Some font shapes were not available, defaults substituted.

 ) 
Here is how much of TeX's memory you used:
 9707 strings out of 469438
 217689 string characters out of 5460503
 620007 words of memory out of 5000000
 38562 multiletter control sequences out of 15000+600000
 734343 words of font info for 215 fonts, out of 8000000 for 9000
 0 hyphenation exceptions out of 8191
 73i,12n,80p,1678b,541s stack positions out of 10000i,1000n,20000p,200000b,200000s
</home/irawan/.miktex/texmfs/install/fonts/type1/public/amsfonts/cm/cmbx8.pfb
></home/irawan/.miktex/texmfs/install/fonts/type1/public/amsfonts/cm/cmex10.pfb
></home/irawan/.miktex/texmfs/install/fonts/type1/public/amsfonts/cm/cmmi10.pfb
></home/irawan/.miktex/texmfs/install/fonts/type1/public/amsfonts/cm/cmmi7.pfb>
</home/irawan/.miktex/texmfs/install/fonts/type1/public/amsfonts/cm/cmmi8.pfb><
/home/irawan/.miktex/texmfs/install/fonts/type1/public/amsfonts/cm/cmmi9.pfb></
home/irawan/.miktex/texmfs/install/fonts/type1/public/amsfonts/cm/cmr10.pfb></h
ome/irawan/.miktex/texmfs/install/fonts/type1/public/amsfonts/cm/cmr7.pfb></hom
e/irawan/.miktex/texmfs/install/fonts/type1/public/amsfonts/cm/cmr8.pfb></home/
irawan/.miktex/texmfs/install/fonts/type1/public/amsfonts/cm/cmr9.pfb></home/ir
awan/.miktex/texmfs/install/fonts/type1/public/amsfonts/cm/cmsy10.pfb></home/ir
awan/.miktex/texmfs/install/fonts/type1/public/amsfonts/cm/cmsy7.pfb></home/ira
wan/.miktex/texmfs/install/fonts/type1/public/amsfonts/cm/cmsy8.pfb></home/iraw
an/.miktex/texmfs/install/fonts/type1/public/amsfonts/cm/cmsy9.pfb></home/irawa
n/.miktex/texmfs/install/fonts/type1/public/amsfonts/cm/cmti10.pfb></home/irawa
n/.miktex/texmfs/install/fonts/type1/public/amsfonts/cm/cmti7.pfb><./t1-formata
-bold.pfb><./t1-formata-condmedium.pfb><./t1-formata-italic.pfb><./t1-formata-m
edium.pfb><./t1-formata-mediumitalic.pfb><./t1-formata-regular.pfb><./t1-giovan
nistd-bookitalic.pfb><./t1-times-bold.pfb><./t1-times-italic.pfb><./t1-times.pf
b></home/irawan/.miktex/texmfs/install/fonts/type1/urw/courier/ucrr8a.pfb>
Output written on access.pdf (18 pages, 3584851 bytes).
PDF statistics:
 232 PDF objects out of 1000 (max. 8388607)
 0 named destinations out of 1000 (max. 500000)
 108 words of extra memory for PDF output out of 10000 (max. 10000000)

